fsl_clock.h:955:20:CLOCK_ControlGate	32	static
fsl_clock.h:972:20:CLOCK_EnableClock	16	static
fsl_iomuxc.h:1090:20:IOMUXC_SetPinMux	24	static
fsl_iomuxc.h:1122:20:IOMUXC_SetPinConfig	24	static
pin_mux.c:228:6:BOARD_InitBootPins	8	static
pin_mux.c:247:6:BOARD_InitPins	4	static
pin_mux.c:269:6:BOARD_InitDEBUG_UARTPins	16	static
pin_mux.c:354:6:BOARD_InitSDRAMPins	16	static
pin_mux.c:508:6:BOARD_InitCSIPins	16	static
pin_mux.c:614:6:BOARD_InitLCDPins	16	static
pin_mux.c:909:6:BOARD_InitCANPins	16	static
pin_mux.c:945:6:BOARD_InitENETPins	16	static
pin_mux.c:1001:6:BOARD_InitUSDHCPins	16	static
pin_mux.c:1051:6:BOARD_InitHyperFlashPins	16	static
