Archive member included to satisfy reference by file (symbol)

/Applications/MCUXpressoIDE_11.0.0_2516/ide/plugins/com.nxp.mcuxpresso.tools.macosx_11.0.0.201905131304/tools/bin/../lib/gcc/arm-none-eabi/8.2.1/../../../../arm-none-eabi/lib/thumb/v7e-m+fp/hard/libcr_semihost_nf.a(_cr__main.o)
                              ./startup/startup_mimxrt1052.o (__main)
/Applications/MCUXpressoIDE_11.0.0_2516/ide/plugins/com.nxp.mcuxpresso.tools.macosx_11.0.0.201905131304/tools/bin/../lib/gcc/arm-none-eabi/8.2.1/../../../../arm-none-eabi/lib/thumb/v7e-m+fp/hard/libcr_semihost_nf.a(_cr_assert.o)
                              ./utilities/fsl_debug_console.o (__assertion_failed)
/Applications/MCUXpressoIDE_11.0.0_2516/ide/plugins/com.nxp.mcuxpresso.tools.macosx_11.0.0.201905131304/tools/bin/../lib/gcc/arm-none-eabi/8.2.1/../../../../arm-none-eabi/lib/thumb/v7e-m+fp/hard/libcr_semihost_nf.a(__ciob.o)
                              /Applications/MCUXpressoIDE_11.0.0_2516/ide/plugins/com.nxp.mcuxpresso.tools.macosx_11.0.0.201905131304/tools/bin/../lib/gcc/arm-none-eabi/8.2.1/../../../../arm-none-eabi/lib/thumb/v7e-m+fp/hard/libcr_semihost_nf.a(_cr_assert.o) (__Ciob)
/Applications/MCUXpressoIDE_11.0.0_2516/ide/plugins/com.nxp.mcuxpresso.tools.macosx_11.0.0.201905131304/tools/bin/../lib/gcc/arm-none-eabi/8.2.1/../../../../arm-none-eabi/lib/thumb/v7e-m+fp/hard/libcr_semihost_nf.a(__sys_appexit.o)
                              /Applications/MCUXpressoIDE_11.0.0_2516/ide/plugins/com.nxp.mcuxpresso.tools.macosx_11.0.0.201905131304/tools/bin/../lib/gcc/arm-none-eabi/8.2.1/../../../../arm-none-eabi/lib/thumb/v7e-m+fp/hard/libcr_semihost_nf.a(_cr_assert.o) (__sys_appexit)
/Applications/MCUXpressoIDE_11.0.0_2516/ide/plugins/com.nxp.mcuxpresso.tools.macosx_11.0.0.201905131304/tools/bin/../lib/gcc/arm-none-eabi/8.2.1/../../../../arm-none-eabi/lib/thumb/v7e-m+fp/hard/libcr_c.a(memcpy.o)
                              ./amazon-freertos/FreeRTOS/queue.o (memcpy)
/Applications/MCUXpressoIDE_11.0.0_2516/ide/plugins/com.nxp.mcuxpresso.tools.macosx_11.0.0.201905131304/tools/bin/../lib/gcc/arm-none-eabi/8.2.1/../../../../arm-none-eabi/lib/thumb/v7e-m+fp/hard/libcr_c.a(memset.o)
                              ./utilities/fsl_debug_console.o (memset)
/Applications/MCUXpressoIDE_11.0.0_2516/ide/plugins/com.nxp.mcuxpresso.tools.macosx_11.0.0.201905131304/tools/bin/../lib/gcc/arm-none-eabi/8.2.1/../../../../arm-none-eabi/lib/thumb/v7e-m+fp/hard/libcr_c.a(_deferredlazyseek.o)
                              /Applications/MCUXpressoIDE_11.0.0_2516/ide/plugins/com.nxp.mcuxpresso.tools.macosx_11.0.0.201905131304/tools/bin/../lib/gcc/arm-none-eabi/8.2.1/../../../../arm-none-eabi/lib/thumb/v7e-m+fp/hard/libcr_semihost_nf.a(_cr_assert.o) (__flsbuf)
/Applications/MCUXpressoIDE_11.0.0_2516/ide/plugins/com.nxp.mcuxpresso.tools.macosx_11.0.0.201905131304/tools/bin/../lib/gcc/arm-none-eabi/8.2.1/../../../../arm-none-eabi/lib/thumb/v7e-m+fp/hard/libcr_c.a(_fflush.o)
                              /Applications/MCUXpressoIDE_11.0.0_2516/ide/plugins/com.nxp.mcuxpresso.tools.macosx_11.0.0.201905131304/tools/bin/../lib/gcc/arm-none-eabi/8.2.1/../../../../arm-none-eabi/lib/thumb/v7e-m+fp/hard/libcr_c.a(_deferredlazyseek.o) (_fflush)
/Applications/MCUXpressoIDE_11.0.0_2516/ide/plugins/com.nxp.mcuxpresso.tools.macosx_11.0.0.201905131304/tools/bin/../lib/gcc/arm-none-eabi/8.2.1/../../../../arm-none-eabi/lib/thumb/v7e-m+fp/hard/libcr_c.a(_writebuf.o)
                              /Applications/MCUXpressoIDE_11.0.0_2516/ide/plugins/com.nxp.mcuxpresso.tools.macosx_11.0.0.201905131304/tools/bin/../lib/gcc/arm-none-eabi/8.2.1/../../../../arm-none-eabi/lib/thumb/v7e-m+fp/hard/libcr_c.a(_deferredlazyseek.o) (_Cwritebuf)
/Applications/MCUXpressoIDE_11.0.0_2516/ide/plugins/com.nxp.mcuxpresso.tools.macosx_11.0.0.201905131304/tools/bin/../lib/gcc/arm-none-eabi/8.2.1/../../../../arm-none-eabi/lib/thumb/v7e-m+fp/hard/libcr_c.a(alloc.o)
                              ./drivers/fsl_common.o (malloc)
/Applications/MCUXpressoIDE_11.0.0_2516/ide/plugins/com.nxp.mcuxpresso.tools.macosx_11.0.0.201905131304/tools/bin/../lib/gcc/arm-none-eabi/8.2.1/../../../../arm-none-eabi/lib/thumb/v7e-m+fp/hard/libcr_c.a(fputs.o)
                              /Applications/MCUXpressoIDE_11.0.0_2516/ide/plugins/com.nxp.mcuxpresso.tools.macosx_11.0.0.201905131304/tools/bin/../lib/gcc/arm-none-eabi/8.2.1/../../../../arm-none-eabi/lib/thumb/v7e-m+fp/hard/libcr_semihost_nf.a(_cr_assert.o) (fputs)
/Applications/MCUXpressoIDE_11.0.0_2516/ide/plugins/com.nxp.mcuxpresso.tools.macosx_11.0.0.201905131304/tools/bin/../lib/gcc/arm-none-eabi/8.2.1/../../../../arm-none-eabi/lib/thumb/v7e-m+fp/hard/libcr_c.a(fseek.o)
                              /Applications/MCUXpressoIDE_11.0.0_2516/ide/plugins/com.nxp.mcuxpresso.tools.macosx_11.0.0.201905131304/tools/bin/../lib/gcc/arm-none-eabi/8.2.1/../../../../arm-none-eabi/lib/thumb/v7e-m+fp/hard/libcr_c.a(_deferredlazyseek.o) (fseek)
[...]
Memory Configuration

Name             Origin             Length             Attributes
BOARD_FLASH      0x0000000060000000 0x0000000004000000 xr
SRAM_DTC         0x0000000020000000 0x0000000000020000 xrw
SRAM_ITC         0x0000000000000000 0x0000000000020000 xrw
SRAM_OC          0x0000000020200000 0x0000000000040000 xrw
BOARD_SDRAM      0x0000000080000000 0x0000000002000000 xrw
*default*        0x0000000000000000 0xffffffffffffffff

Linker script and memory map

LOAD ./xip/evkbimxrt1050_flexspi_nor_config.o
LOAD ./xip/evkbimxrt1050_sdram_ini_dcd.o
LOAD ./xip/fsl_flexspi_nor_boot.o
LOAD ./utilities/fsl_debug_console.o
LOAD ./utilities/fsl_str.o
LOAD ./startup/startup_mimxrt1052.o
LOAD ./source/MIMXRT1052xxxxB_Project.o
LOAD ./source/semihost_hardfault.o
LOAD ./drivers/freertos/fsl_lpi2c_freertos.o
LOAD ./drivers/freertos/fsl_lpspi_freertos.o
LOAD ./drivers/freertos/fsl_lpuart_freertos.o
LOAD ./drivers/fsl_clock.o
LOAD ./drivers/fsl_common.o
LOAD ./drivers/fsl_gpio.o
LOAD ./drivers/fsl_lpi2c.o
LOAD ./drivers/fsl_lpspi.o
LOAD ./drivers/fsl_lpuart.o
LOAD ./drivers/fsl_semc.o
LOAD ./device/system_MIMXRT1052.o
LOAD ./component/uart/lpuart_adapter.o
LOAD ./component/serial_manager/serial_manager.o
LOAD ./component/serial_manager/serial_port_uart.o
LOAD ./board/board.o
LOAD ./board/clock_config.o
LOAD ./board/peripherals.o
LOAD ./board/pin_mux.o
LOAD ./amazon-freertos/FreeRTOS/portable/fsl_tickless_systick.o
LOAD ./amazon-freertos/FreeRTOS/portable/heap_4.o
LOAD ./amazon-freertos/FreeRTOS/portable/port.o
LOAD ./amazon-freertos/FreeRTOS/event_groups.o
LOAD ./amazon-freertos/FreeRTOS/list.o
LOAD ./amazon-freertos/FreeRTOS/queue.o
LOAD ./amazon-freertos/FreeRTOS/stream_buffer.o
LOAD ./amazon-freertos/FreeRTOS/tasks.o
LOAD ./amazon-freertos/FreeRTOS/timers.o
START GROUP
LOAD /Applications/MCUXpressoIDE_11.0.0_2516/ide/plugins/com.nxp.mcuxpresso.tools.macosx_11.0.0.201905131304/tools/bin/../lib/gcc/arm-none-eabi/8.2.1/../../../../arm-none-eabi/lib/thumb/v7e-m+fp/hard/libcr_semihost_nf.a
LOAD /Applications/MCUXpressoIDE_11.0.0_2516/ide/plugins/com.nxp.mcuxpresso.tools.macosx_11.0.0.201905131304/tools/bin/../lib/gcc/arm-none-eabi/8.2.1/../../../../arm-none-eabi/lib/thumb/v7e-m+fp/hard/libcr_c.a
LOAD /Applications/MCUXpressoIDE_11.0.0_2516/ide/plugins/com.nxp.mcuxpresso.tools.macosx_11.0.0.201905131304/tools/bin/../lib/gcc/arm-none-eabi/8.2.1/thumb/v7e-m+fp/hard/libcr_eabihelpers.a
LOAD /Applications/MCUXpressoIDE_11.0.0_2516/ide/plugins/com.nxp.mcuxpresso.tools.macosx_11.0.0.201905131304/tools/bin/../lib/gcc/arm-none-eabi/8.2.1/thumb/v7e-m+fp/hard/libgcc.a
END GROUP
                0x0000000060000000                __base_BOARD_FLASH = 0x60000000
                0x0000000060000000                __base_Flash = 0x60000000
                0x0000000064000000                __top_BOARD_FLASH = 0x64000000
                0x0000000064000000                __top_Flash = 0x64000000
                0x0000000020000000                __base_SRAM_DTC = 0x20000000
                0x0000000020000000                __base_RAM = 0x20000000
                0x0000000020020000                __top_SRAM_DTC = 0x20020000
                0x0000000020020000                __top_RAM = 0x20020000
                0x0000000000000000                __base_SRAM_ITC = 0x0
                0x0000000000000000                __base_RAM2 = 0x0
                0x0000000000020000                __top_SRAM_ITC = 0x20000
                0x0000000000020000                __top_RAM2 = 0x20000
                0x0000000020200000                __base_SRAM_OC = 0x20200000
                0x0000000020200000                __base_RAM3 = 0x20200000
                0x0000000020240000                __top_SRAM_OC = 0x20240000
                0x0000000020240000                __top_RAM3 = 0x20240000
                0x0000000080000000                __base_BOARD_SDRAM = 0x80000000
                0x0000000080000000                __base_RAM4 = 0x80000000
                0x0000000082000000                __top_BOARD_SDRAM = 0x82000000
                0x0000000082000000                __top_RAM4 = 0x82000000

.boot_hdr       0x0000000060000000     0x2000
 FILL mask 0xff
                0x0000000060000000                __boot_hdr_start__ = ABSOLUTE (.)
 *(SORT_BY_ALIGNMENT(.boot_hdr.conf))
 .boot_hdr.conf
                0x0000000060000000      0x200 ./xip/evkbimxrt1050_flexspi_nor_config.o
                0x0000000060000000                hyperflash_config
                0x0000000000001000                . = 0x1000
 *fill*         0x0000000060000200      0xe00 ff
 *(SORT_BY_ALIGNMENT(.boot_hdr.ivt))
 .boot_hdr.ivt  0x0000000060001000       0x20 ./xip/fsl_flexspi_nor_boot.o
                0x0000000060001000                image_vector_table
                0x0000000000001020                . = 0x1020
 *(SORT_BY_ALIGNMENT(.boot_hdr.boot_data))
 .boot_hdr.boot_data
                0x0000000060001020       0x10 ./xip/fsl_flexspi_nor_boot.o
                0x0000000060001020                boot_data
                0x0000000000001030                . = 0x1030
 *(SORT_BY_ALIGNMENT(.boot_hdr.dcd_data))
                0x0000000000001030                __boot_hdr_end__ = ABSOLUTE (.)
                0x0000000000002000                . = 0x2000
 *fill*         0x0000000060001030      0xfd0 ff

.text           0x0000000060002000     0x5e30
 FILL mask 0xff
                0x0000000060002000                __vectors_start__ = ABSOLUTE (.)
 *(SORT_BY_ALIGNMENT(.isr_vector))
 .isr_vector    0x0000000060002000      0x2a0 ./startup/startup_mimxrt1052.o
                0x0000000060002000                __Vectors
                0x0000000060002000                g_pfnVectors
                0x00000000600022a0                . = ALIGN (0x4)
                0x00000000600022a0                __section_table_start = .
                0x00000000600022a0                __data_section_table = .
                0x00000000600022a0        0x4 LONG 0x60007e30 LOADADDR (.data)
                0x00000000600022a4        0x4 LONG 0x20000000 ADDR (.data)
                0x00000000600022a8        0x4 LONG 0x4 SIZEOF (.data)
                0x00000000600022ac        0x4 LONG 0x60007e30 LOADADDR (.data_RAM2)
                0x00000000600022b0        0x4 LONG 0x0 ADDR (.data_RAM2)
                0x00000000600022b4        0x4 LONG 0x0 SIZEOF (.data_RAM2)
                0x00000000600022b8        0x4 LONG 0x60007e30 LOADADDR (.data_RAM3)
                0x00000000600022bc        0x4 LONG 0x20200000 ADDR (.data_RAM3)
                0x00000000600022c0        0x4 LONG 0x0 SIZEOF (.data_RAM3)
                0x00000000600022c4        0x4 LONG 0x60007e30 LOADADDR (.data_RAM4)
                0x00000000600022c8        0x4 LONG 0x80000000 ADDR (.data_RAM4)
                0x00000000600022cc        0x4 LONG 0x0 SIZEOF (.data_RAM4)
                0x00000000600022d0                __data_section_table_end = .
                0x00000000600022d0                __bss_section_table = .
                0x00000000600022d0        0x4 LONG 0x20000004 ADDR (.bss)
                0x00000000600022d4        0x4 LONG 0x1ec SIZEOF (.bss)
                0x00000000600022d8        0x4 LONG 0x0 ADDR (.bss_RAM2)
                0x00000000600022dc        0x4 LONG 0x0 SIZEOF (.bss_RAM2)
                0x00000000600022e0        0x4 LONG 0x20200000 ADDR (.bss_RAM3)
                0x00000000600022e4        0x4 LONG 0x0 SIZEOF (.bss_RAM3)
                0x00000000600022e8        0x4 LONG 0x80000000 ADDR (.bss_RAM4)
                0x00000000600022ec        0x4 LONG 0x0 SIZEOF (.bss_RAM4)
                0x00000000600022f0                __bss_section_table_end = .
                0x00000000600022f0                __section_table_end = .
 *(SORT_BY_ALIGNMENT(.after_vectors*))
 .after_vectors.reset
                0x00000000600022f0       0x4c ./startup/startup_mimxrt1052.o
                0x00000000600022f0                ResetISR
 .after_vectors.init_data
                0x000000006000233c       0x1e ./startup/startup_mimxrt1052.o
                0x000000006000233c                data_init
 .after_vectors.init_bss
                0x000000006000235a       0x12 ./startup/startup_mimxrt1052.o
                0x000000006000235a                bss_init
 .after_vectors
                0x000000006000236c        0xc ./startup/startup_mimxrt1052.o
                0x000000006000236c                NMI_Handler
                0x0000000060002376                Reserved87_DriverIRQHandler
                0x0000000060002376                KPP_DriverIRQHandler
                0x0000000060002376                LCDIF_DriverIRQHandler
                0x0000000060002376                SAI3_RX_DriverIRQHandler
                0x0000000060002376                CCM_2_DriverIRQHandler
                0x0000000060002376                PIT_DriverIRQHandler
                0x0000000060002376                PMU_EVENT_DriverIRQHandler
                0x0000000060002376                PWM4_FAULT_DriverIRQHandler
                0x0000000060002376                DMA13_DMA29_DriverIRQHandler
                0x0000000060002376                FLEXRAM_DriverIRQHandler
                0x0000000060002376                SEMC_DriverIRQHandler
                0x0000000060002376                SPDIF_DriverIRQHandler
                0x0000000060002376                PWM4_3_DriverIRQHandler
                0x0000000060002376                USB_PHY1_DriverIRQHandler
                0x0000000060002376                GPIO3_Combined_0_15_DriverIRQHandler
                0x0000000060002376                DMA7_DMA23_DriverIRQHandler
                0x0000000060002376                BEE_DriverIRQHandler
                0x0000000060002376                GPR_IRQ_DriverIRQHandler
                0x0000000060002376                PWM2_FAULT_DriverIRQHandler
                0x0000000060002376                PWM3_1_DriverIRQHandler
                0x0000000060002376                DMA14_DMA30_DriverIRQHandler
                0x0000000060002376                TMR1_DriverIRQHandler
                0x0000000060002376                TRNG_DriverIRQHandler
                0x0000000060002376                PWM3_2_DriverIRQHandler
                0x0000000060002376                ENET_1588_Timer_DriverIRQHandler
                0x0000000060002376                FLEXIO2_DriverIRQHandler
                0x0000000060002376                GPIO2_Combined_16_31_DriverIRQHandler
                0x0000000060002376                Reserved143_DriverIRQHandler
                0x0000000060002376                PWM4_1_DriverIRQHandler
                0x0000000060002376                PWM3_3_DriverIRQHandler
                0x0000000060002376                DMA0_DMA16_DriverIRQHandler
                0x0000000060002376                IntDefaultHandler
                0x0000000060002376                DMA2_DMA18_DriverIRQHandler
                0x0000000060002376                SRC_DriverIRQHandler
                0x0000000060002376                GPIO1_INT4_DriverIRQHandler
                0x0000000060002376                Reserved144_DriverIRQHandler
                0x0000000060002376                USDHC1_DriverIRQHandler
                0x0000000060002376                ENC3_DriverIRQHandler
                0x0000000060002376                PWM3_FAULT_DriverIRQHandler
                0x0000000060002376                EWM_DriverIRQHandler
                0x0000000060002376                TSC_DIG_DriverIRQHandler
                0x0000000060002376                WDOG1_DriverIRQHandler
                0x0000000060002376                FLEXIO1_DriverIRQHandler
                0x0000000060002376                ENET_DriverIRQHandler
                0x0000000060002376                Reserved78_DriverIRQHandler
                0x0000000060002376                TMR4_DriverIRQHandler
                0x0000000060002376                ENC2_DriverIRQHandler
                0x0000000060002376                ADC_ETC_IRQ2_DriverIRQHandler
                0x0000000060002376                GPIO1_Combined_16_31_DriverIRQHandler
                0x0000000060002376                GPIO1_INT7_DriverIRQHandler
                0x0000000060002376                SAI1_DriverIRQHandler
                0x0000000060002376                DCDC_DriverIRQHandler
                0x0000000060002376                DMA12_DMA28_DriverIRQHandler
                0x0000000060002376                PWM4_0_DriverIRQHandler
                0x0000000060002376                ADC_ETC_ERROR_IRQ_DriverIRQHandler
                0x0000000060002376                ACMP2_DriverIRQHandler
                0x0000000060002376                GPIO5_Combined_0_15_DriverIRQHandler
                0x0000000060002376                GPIO1_INT0_DriverIRQHandler
                0x0000000060002376                GPIO1_INT2_DriverIRQHandler
                0x0000000060002376                RTWDOG_DriverIRQHandler
                0x0000000060002376                FLEXSPI_DriverIRQHandler
                0x0000000060002376                GPT2_DriverIRQHandler
                0x0000000060002376                USB_PHY2_DriverIRQHandler
                0x0000000060002376                DMA10_DMA26_DriverIRQHandler
                0x0000000060002376                PWM2_1_DriverIRQHandler
                0x0000000060002376                PWM1_1_DriverIRQHandler
                0x0000000060002376                PXP_DriverIRQHandler
                0x0000000060002376                ADC1_DriverIRQHandler
                0x0000000060002376                PWM1_0_DriverIRQHandler
                0x0000000060002376                SJC_DriverIRQHandler
                0x0000000060002376                DMA1_DMA17_DriverIRQHandler
                0x0000000060002376                ENC1_DriverIRQHandler
                0x0000000060002376                ENC4_DriverIRQHandler
                0x0000000060002376                CAN2_DriverIRQHandler
                0x0000000060002376                DCP_DriverIRQHandler
                0x0000000060002376                CTI0_ERROR_DriverIRQHandler
                0x0000000060002376                DMA8_DMA24_DriverIRQHandler
                0x0000000060002376                GPT1_DriverIRQHandler
                0x0000000060002376                ACMP3_DriverIRQHandler
                0x0000000060002376                DMA6_DMA22_DriverIRQHandler
                0x0000000060002376                CSU_DriverIRQHandler
                0x0000000060002376                GPIO1_INT5_DriverIRQHandler
                0x0000000060002376                TMR3_DriverIRQHandler
                0x0000000060002376                TMR2_DriverIRQHandler
                0x0000000060002376                CTI1_ERROR_DriverIRQHandler
                0x0000000060002376                GPIO1_Combined_0_15_DriverIRQHandler
                0x0000000060002376                USDHC2_DriverIRQHandler
                0x0000000060002376                PWM4_2_DriverIRQHandler
                0x0000000060002376                SAI2_DriverIRQHandler
                0x0000000060002376                CORE_DriverIRQHandler
                0x0000000060002376                DMA11_DMA27_DriverIRQHandler
                0x0000000060002376                CSI_DriverIRQHandler
                0x0000000060002376                PWM2_3_DriverIRQHandler
                0x0000000060002376                XBAR1_IRQ_2_3_DriverIRQHandler
                0x0000000060002376                SNVS_HP_WRAPPER_TZ_DriverIRQHandler
                0x0000000060002376                GPIO3_Combined_16_31_DriverIRQHandler
                0x0000000060002376                PWM1_FAULT_DriverIRQHandler
                0x0000000060002376                PWM2_2_DriverIRQHandler
                0x0000000060002376                DMA4_DMA20_DriverIRQHandler
                0x0000000060002376                DMA9_DMA25_DriverIRQHandler
                0x0000000060002376                SNVS_HP_WRAPPER_DriverIRQHandler
                0x0000000060002376                XBAR1_IRQ_0_1_DriverIRQHandler
                0x0000000060002376                ADC_ETC_IRQ1_DriverIRQHandler
                0x0000000060002376                DMA3_DMA19_DriverIRQHandler
                0x0000000060002376                GPIO1_INT3_DriverIRQHandler
                0x0000000060002376                DCP_VMI_DriverIRQHandler
                0x0000000060002376                GPC_DriverIRQHandler
                0x0000000060002376                Reserved123_DriverIRQHandler
                0x0000000060002376                GPIO2_Combined_0_15_DriverIRQHandler
                0x0000000060002376                PWM1_2_DriverIRQHandler
                0x0000000060002376                USB_OTG1_DriverIRQHandler
                0x0000000060002376                TEMP_LOW_HIGH_DriverIRQHandler
                0x0000000060002376                SAI3_TX_DriverIRQHandler
                0x0000000060002376                WDOG2_DriverIRQHandler
                0x0000000060002376                Reserved68_DriverIRQHandler
                0x0000000060002376                PWM3_0_DriverIRQHandler
                0x0000000060002376                GPIO4_Combined_0_15_DriverIRQHandler
                0x0000000060002376                GPIO4_Combined_16_31_DriverIRQHandler
                0x0000000060002376                GPIO5_Combined_16_31_DriverIRQHandler
                0x0000000060002376                DMA5_DMA21_DriverIRQHandler
                0x0000000060002376                CCM_1_DriverIRQHandler
                0x0000000060002376                ADC2_DriverIRQHandler
                0x0000000060002376                Reserved115_DriverIRQHandler
                0x0000000060002376                TEMP_PANIC_DriverIRQHandler
                0x0000000060002376                DMA15_DMA31_DriverIRQHandler
                0x0000000060002376                PWM1_3_DriverIRQHandler
                0x0000000060002376                ACMP1_DriverIRQHandler
                0x0000000060002376                Reserved86_DriverIRQHandler
                0x0000000060002376                DMA_ERROR_DriverIRQHandler
                0x0000000060002376                ADC_ETC_IRQ0_DriverIRQHandler
                0x0000000060002376                CAN1_DriverIRQHandler
                0x0000000060002376                GPIO1_INT6_DriverIRQHandler
                0x0000000060002376                GPIO1_INT1_DriverIRQHandler
                0x0000000060002376                PWM2_0_DriverIRQHandler
                0x0000000060002376                SNVS_LP_WRAPPER_DriverIRQHandler
                0x0000000060002376                ACMP4_DriverIRQHandler
                0x0000000060002376                USB_OTG2_DriverIRQHandler
 *(SORT_BY_ALIGNMENT(.text*))
 *fill*         0x0000000060002378        0x8 ff
 .text.SVC_Handler
                0x0000000060002380       0x28 ./amazon-freertos/FreeRTOS/portable/port.o
                0x0000000060002380                SVC_Handler
 *fill*         0x00000000600023a8        0x8 ff
 .text.PendSV_Handler
                0x00000000600023b0       0x68 ./amazon-freertos/FreeRTOS/portable/port.o
                0x00000000600023b0                PendSV_Handler
 .text.DbgConsole_Init
                0x0000000060002418       0xf8 ./utilities/fsl_debug_console.o
                0x0000000060002418                DbgConsole_Init
 .text.main     0x0000000060002510       0x30 ./source/MIMXRT1052xxxxB_Project.o
                0x0000000060002510                main
 .text.CLOCK_GetOscFreq
                0x0000000060002540       0x30 ./drivers/fsl_clock.o
 .text.CLOCK_InitExternalClk
                0x0000000060002570       0x6c ./drivers/fsl_clock.o
                0x0000000060002570                CLOCK_InitExternalClk
 .text.CLOCK_SwitchOsc
                0x00000000600025dc       0x34 ./drivers/fsl_clock.o
                0x00000000600025dc                CLOCK_SwitchOsc
 .text.CLOCK_InitRcOsc24M
                0x0000000060002610       0x24 ./drivers/fsl_clock.o
                0x0000000060002610                CLOCK_InitRcOsc24M
 .text.CLOCK_InitArmPll
                0x0000000060002634       0x68 ./drivers/fsl_clock.o
                0x0000000060002634                CLOCK_InitArmPll
 .text.CLOCK_InitSysPll
                0x000000006000269c       0x9c ./drivers/fsl_clock.o
                0x000000006000269c                CLOCK_InitSysPll
 .text.CLOCK_DeinitUsb2Pll
                0x0000000060002738       0x18 ./drivers/fsl_clock.o
                0x0000000060002738                CLOCK_DeinitUsb2Pll
 .text.CLOCK_DeinitAudioPll
                0x0000000060002750       0x1c ./drivers/fsl_clock.o
                0x0000000060002750                CLOCK_DeinitAudioPll
 .text.CLOCK_DeinitVideoPll
                0x000000006000276c       0x1c ./drivers/fsl_clock.o
                0x000000006000276c                CLOCK_DeinitVideoPll
 .text.CLOCK_DeinitEnetPll
                0x0000000060002788       0x1c ./drivers/fsl_clock.o
                0x0000000060002788                CLOCK_DeinitEnetPll
 .text.CLOCK_GetPllFreq
                0x00000000600027a4      0x304 ./drivers/fsl_clock.o
                0x00000000600027a4                CLOCK_GetPllFreq
 .text.CLOCK_InitSysPfd
                0x0000000060002aa8       0x64 ./drivers/fsl_clock.o
                0x0000000060002aa8                CLOCK_InitSysPfd
 .text.LPI2C_CommonIRQHandler
                0x0000000060002b0c       0x70 ./drivers/fsl_lpi2c.o
 .text.LPI2C1_DriverIRQHandler
                0x0000000060002b7c       0x14 ./drivers/fsl_lpi2c.o
                0x0000000060002b7c                LPI2C1_DriverIRQHandler
 .text.LPI2C2_DriverIRQHandler
                0x0000000060002b90       0x14 ./drivers/fsl_lpi2c.o
                0x0000000060002b90                LPI2C2_DriverIRQHandler
 .text.LPI2C3_DriverIRQHandler
                0x0000000060002ba4       0x14 ./drivers/fsl_lpi2c.o
                0x0000000060002ba4                LPI2C3_DriverIRQHandler
 .text.LPI2C4_DriverIRQHandler
                0x0000000060002bb8       0x14 ./drivers/fsl_lpi2c.o
                0x0000000060002bb8                LPI2C4_DriverIRQHandler
 .text.LPSPI_CommonIRQHandler
                0x0000000060002bcc       0x3c ./drivers/fsl_lpspi.o
 .text.LPSPI1_DriverIRQHandler
                0x0000000060002c08       0x30 ./drivers/fsl_lpspi.o
                0x0000000060002c08                LPSPI1_DriverIRQHandler
 .text.LPSPI2_DriverIRQHandler
                0x0000000060002c38       0x30 ./drivers/fsl_lpspi.o
                0x0000000060002c38                LPSPI2_DriverIRQHandler
 .text.LPSPI3_DriverIRQHandler
                0x0000000060002c68       0x30 ./drivers/fsl_lpspi.o
                0x0000000060002c68                LPSPI3_DriverIRQHandler
 .text.LPSPI4_DriverIRQHandler
                0x0000000060002c98       0x30 ./drivers/fsl_lpspi.o
                0x0000000060002c98                LPSPI4_DriverIRQHandler
 .text.CLOCK_ControlGate
                0x0000000060002cc8       0x64 ./drivers/fsl_lpuart.o
 .text.LPUART_GetInstance
                0x0000000060002d2c       0x4c ./drivers/fsl_lpuart.o
                0x0000000060002d2c                LPUART_GetInstance
 .text.LPUART_Init
                0x0000000060002d78      0x304 ./drivers/fsl_lpuart.o
                0x0000000060002d78                LPUART_Init
 .text.LPUART_GetDefaultConfig
                0x000000006000307c       0x88 ./drivers/fsl_lpuart.o
                0x000000006000307c                LPUART_GetDefaultConfig
 .text.LPUART1_DriverIRQHandler
                0x0000000060003104       0x24 ./drivers/fsl_lpuart.o
                0x0000000060003104                LPUART1_DriverIRQHandler
 .text.LPUART2_DriverIRQHandler
                0x0000000060003128       0x24 ./drivers/fsl_lpuart.o
                0x0000000060003128                LPUART2_DriverIRQHandler
 .text.LPUART3_DriverIRQHandler
                0x000000006000314c       0x24 ./drivers/fsl_lpuart.o
                0x000000006000314c                LPUART3_DriverIRQHandler
 .text.LPUART4_DriverIRQHandler
                0x0000000060003170       0x24 ./drivers/fsl_lpuart.o
                0x0000000060003170                LPUART4_DriverIRQHandler
 .text.LPUART5_DriverIRQHandler
                0x0000000060003194       0x24 ./drivers/fsl_lpuart.o
                0x0000000060003194                LPUART5_DriverIRQHandler
 .text.LPUART6_DriverIRQHandler
                0x00000000600031b8       0x24 ./drivers/fsl_lpuart.o
                0x00000000600031b8                LPUART6_DriverIRQHandler
 .text.LPUART7_DriverIRQHandler
                0x00000000600031dc       0x24 ./drivers/fsl_lpuart.o
                0x00000000600031dc                LPUART7_DriverIRQHandler
 .text.LPUART8_DriverIRQHandler
                0x0000000060003200       0x24 ./drivers/fsl_lpuart.o
                0x0000000060003200                LPUART8_DriverIRQHandler
 .text.SCB_EnableICache
                0x0000000060003224       0x40 ./device/system_MIMXRT1052.o
 .text.SCB_EnableDCache
                0x0000000060003264       0x80 ./device/system_MIMXRT1052.o
 .text.SystemInit
                0x00000000600032e4       0xf4 ./device/system_MIMXRT1052.o
                0x00000000600032e4                SystemInit
 .text.HAL_UartInit
                0x00000000600033d8      0x100 ./component/uart/lpuart_adapter.o
                0x00000000600033d8                HAL_UartInit
 .text.SerialManager_Init
                0x00000000600034d8       0x74 ./component/serial_manager/serial_manager.o
                0x00000000600034d8                SerialManager_Init
 .text.SerialManager_OpenWriteHandle
                0x000000006000354c       0x58 ./component/serial_manager/serial_manager.o
                0x000000006000354c                SerialManager_OpenWriteHandle
 .text.SerialManager_OpenReadHandle
                0x00000000600035a4       0x60 ./component/serial_manager/serial_manager.o
                0x00000000600035a4                SerialManager_OpenReadHandle
 .text.Serial_UartInit
                0x0000000060003604       0x80 ./component/serial_manager/serial_port_uart.o
                0x0000000060003604                Serial_UartInit
 .text.ARM_MPU_Enable
                0x0000000060003684       0x3c ./board/board.o
 .text.ARM_MPU_Disable
                0x00000000600036c0       0x38 ./board/board.o
 .text.SCB_EnableICache
                0x00000000600036f8       0x40 ./board/board.o
 .text.SCB_DisableICache
                0x0000000060003738       0x38 ./board/board.o
 .text.SCB_EnableDCache
                0x0000000060003770       0x80 ./board/board.o
 .text.SCB_DisableDCache
                0x00000000600037f0       0x68 ./board/board.o
 .text.CLOCK_GetMux
                0x0000000060003858       0x44 ./board/board.o
 .text.CLOCK_GetDiv
                0x000000006000389c       0x44 ./board/board.o
 .text.CLOCK_GetOscFreq
                0x00000000600038e0       0x30 ./board/board.o
 .text.BOARD_DebugConsoleSrcFreq
                0x0000000060003910       0x64 ./board/board.o
                0x0000000060003910                BOARD_DebugConsoleSrcFreq
 .text.BOARD_ConfigMPU
                0x0000000060003974       0xec ./board/board.o
                0x0000000060003974                BOARD_ConfigMPU
 .text.CLOCK_SetMux
                0x0000000060003a60       0x9c ./board/clock_config.o
 .text.CLOCK_SetDiv
                0x0000000060003afc       0x9c ./board/clock_config.o
 .text.CLOCK_ControlGate
                0x0000000060003b98       0x64 ./board/clock_config.o
 .text.CLOCK_SetXtalFreq
                0x0000000060003bfc       0x20 ./board/clock_config.o
 .text.CLOCK_SetRtcXtalFreq
                0x0000000060003c1c       0x20 ./board/clock_config.o
 .text.IOMUXC_EnableMode
                0x0000000060003c3c       0x48 ./board/clock_config.o
 .text.IOMUXC_MQSConfig
                0x0000000060003c84       0x44 ./board/clock_config.o
 .text.BOARD_BootClockRUN
                0x0000000060003cc8      0x628 ./board/clock_config.o
                0x0000000060003cc8                BOARD_BootClockRUN
 .text.CLOCK_ControlGate
                0x00000000600042f0       0x64 ./board/pin_mux.o
 .text.BOARD_InitDEBUG_UARTPins
                0x0000000060004354       0x78 ./board/pin_mux.o
                0x0000000060004354                BOARD_InitDEBUG_UARTPins
 .text.SysTick_Handler
                0x00000000600043cc       0x40 ./amazon-freertos/FreeRTOS/portable/port.o
                0x00000000600043cc                SysTick_Handler
 .text.xTaskIncrementTick
                0x000000006000440c      0x150 ./amazon-freertos/FreeRTOS/tasks.o
                0x000000006000440c                xTaskIncrementTick
 .text.vTaskSwitchContext
                0x000000006000455c       0xb4 ./amazon-freertos/FreeRTOS/tasks.o
                0x000000006000455c                vTaskSwitchContext
 .text.prvResetNextTaskUnblockTime
                0x0000000060004610       0x40 ./amazon-freertos/FreeRTOS/tasks.o
 .text.__assertion_failed
                0x0000000060004650       0x4c /Applications/MCUXpressoIDE_11.0.0_2516/ide/plugins/com.nxp.mcuxpresso.tools.macosx_11.0.0.201905131304/tools/bin/../lib/gcc/arm-none-eabi/8.2.1/../../../../arm-none-eabi/lib/thumb/v7e-m+fp/hard/libcr_semihost_nf.a(_cr_assert.o)
                0x0000000060004650                __assertion_failed
 .text.__sys_appexit
                0x000000006000469c        0xc /Applications/MCUXpressoIDE_11.0.0_2516/ide/plugins/com.nxp.mcuxpresso.tools.macosx_11.0.0.201905131304/tools/bin/../lib/gcc/arm-none-eabi/8.2.1/../../../../arm-none-eabi/lib/thumb/v7e-m+fp/hard/libcr_semihost_nf.a(__sys_appexit.o)
                0x000000006000469c                __exit
                0x000000006000469c                __sys_appexit
 .text._Cwritebuf
                0x00000000600046a8       0x6c /Applications/MCUXpressoIDE_11.0.0_2516/ide/plugins/com.nxp.mcuxpresso.tools.macosx_11.0.0.201905131304/tools/bin/../lib/gcc/arm-none-eabi/8.2.1/../../../../arm-none-eabi/lib/thumb/v7e-m+fp/hard/libcr_c.a(_writebuf.o)
                0x00000000600046a8                _Cwritebuf
 .text.malloc   0x0000000060004714       0xc8 /Applications/MCUXpressoIDE_11.0.0_2516/ide/plugins/com.nxp.mcuxpresso.tools.macosx_11.0.0.201905131304/tools/bin/../lib/gcc/arm-none-eabi/8.2.1/../../../../arm-none-eabi/lib/thumb/v7e-m+fp/hard/libcr_c.a(alloc.o)
                0x0000000060004714                malloc
 .text._Csys_alloc
                0x00000000600047dc       0x20 /Applications/MCUXpressoIDE_11.0.0_2516/ide/plugins/com.nxp.mcuxpresso.tools.macosx_11.0.0.201905131304/tools/bin/../lib/gcc/arm-none-eabi/8.2.1/../../../../arm-none-eabi/lib/thumb/v7e-m+fp/hard/libcr_c.a(alloc.o)
                0x00000000600047dc                _Csys_alloc
 .text.fseek    0x00000000600047fc      0x100 /Applications/MCUXpressoIDE_11.0.0_2516/ide/plugins/com.nxp.mcuxpresso.tools.macosx_11.0.0.201905131304/tools/bin/../lib/gcc/arm-none-eabi/8.2.1/../../../../arm-none-eabi/lib/thumb/v7e-m+fp/hard/libcr_c.a(fseek.o)
                0x00000000600047fc                fseek
 .text.ftell    0x00000000600048fc       0x48 /Applications/MCUXpressoIDE_11.0.0_2516/ide/plugins/com.nxp.mcuxpresso.tools.macosx_11.0.0.201905131304/tools/bin/../lib/gcc/arm-none-eabi/8.2.1/../../../../arm-none-eabi/lib/thumb/v7e-m+fp/hard/libcr_c.a(ftell.o)
                0x00000000600048fc                ftell
 .text._initio  0x0000000060004944       0x78 /Applications/MCUXpressoIDE_11.0.0_2516/ide/plugins/com.nxp.mcuxpresso.tools.macosx_11.0.0.201905131304/tools/bin/../lib/gcc/arm-none-eabi/8.2.1/../../../../arm-none-eabi/lib/thumb/v7e-m+fp/hard/libcr_c.a(initio.o)
                0x0000000060004944                _initio
 .text.__vfprintf
                0x00000000600049bc      0xbe0 /Applications/MCUXpressoIDE_11.0.0_2516/ide/plugins/com.nxp.mcuxpresso.tools.macosx_11.0.0.201905131304/tools/bin/../lib/gcc/arm-none-eabi/8.2.1/../../../../arm-none-eabi/lib/thumb/v7e-m+fp/hard/libcr_c.a(printf.o)
                0x00000000600049bc                __vfprintf
 .text._vsnprintf
                0x000000006000559c       0x68 /Applications/MCUXpressoIDE_11.0.0_2516/ide/plugins/com.nxp.mcuxpresso.tools.macosx_11.0.0.201905131304/tools/bin/../lib/gcc/arm-none-eabi/8.2.1/../../../../arm-none-eabi/lib/thumb/v7e-m+fp/hard/libcr_c.a(printf.o)
                0x000000006000559c                _vsnprintf
 .text._printf  0x0000000060005604       0x54 /Applications/MCUXpressoIDE_11.0.0_2516/ide/plugins/com.nxp.mcuxpresso.tools.macosx_11.0.0.201905131304/tools/bin/../lib/gcc/arm-none-eabi/8.2.1/../../../../arm-none-eabi/lib/thumb/v7e-m+fp/hard/libcr_c.a(printf.o)
                0x0000000060005604                _printf
 .text.setvbuf  0x0000000060005658       0x40 /Applications/MCUXpressoIDE_11.0.0_2516/ide/plugins/com.nxp.mcuxpresso.tools.macosx_11.0.0.201905131304/tools/bin/../lib/gcc/arm-none-eabi/8.2.1/../../../../arm-none-eabi/lib/thumb/v7e-m+fp/hard/libcr_c.a(setvbuf.o)
                0x0000000060005658                setvbuf
 .text._sbrk    0x0000000060005698       0x3c /Applications/MCUXpressoIDE_11.0.0_2516/ide/plugins/com.nxp.mcuxpresso.tools.macosx_11.0.0.201905131304/tools/bin/../lib/gcc/arm-none-eabi/8.2.1/../../../../arm-none-eabi/lib/thumb/v7e-m+fp/hard/libcr_c.a(_cr_sbrk.o)
                0x0000000060005698                _sbrk
 .text.fflush   0x00000000600056d4       0x44 /Applications/MCUXpressoIDE_11.0.0_2516/ide/plugins/com.nxp.mcuxpresso.tools.macosx_11.0.0.201905131304/tools/bin/../lib/gcc/arm-none-eabi/8.2.1/../../../../arm-none-eabi/lib/thumb/v7e-m+fp/hard/libcr_c.a(fflush.o)
                0x00000000600056d4                fflush
 .text.__check_heap_overflow
                0x0000000060005718       0x18 /Applications/MCUXpressoIDE_11.0.0_2516/ide/plugins/com.nxp.mcuxpresso.tools.macosx_11.0.0.201905131304/tools/bin/../lib/gcc/arm-none-eabi/8.2.1/../../../../arm-none-eabi/lib/thumb/v7e-m+fp/hard/libcr_c.a(_cr_check_heap.o)
                0x0000000060005718                __check_heap_overflow
 .text.DMA0_DMA16_IRQHandler
                0x0000000060005730        0x8 ./startup/startup_mimxrt1052.o
                0x0000000060005730                DMA0_DMA16_IRQHandler
 .text.DMA1_DMA17_IRQHandler
                0x0000000060005738        0x8 ./startup/startup_mimxrt1052.o
                0x0000000060005738                DMA1_DMA17_IRQHandler
 .text.DMA2_DMA18_IRQHandler
                0x0000000060005740        0x8 ./startup/startup_mimxrt1052.o
                0x0000000060005740                DMA2_DMA18_IRQHandler
 .text.DMA3_DMA19_IRQHandler
                0x0000000060005748        0x8 ./startup/startup_mimxrt1052.o
                0x0000000060005748                DMA3_DMA19_IRQHandler
 .text.DMA4_DMA20_IRQHandler
                0x0000000060005750        0x8 ./startup/startup_mimxrt1052.o
                0x0000000060005750                DMA4_DMA20_IRQHandler
 .text.DMA5_DMA21_IRQHandler
                0x0000000060005758        0x8 ./startup/startup_mimxrt1052.o
                0x0000000060005758                DMA5_DMA21_IRQHandler
 .text.DMA6_DMA22_IRQHandler
                0x0000000060005760        0x8 ./startup/startup_mimxrt1052.o
                0x0000000060005760                DMA6_DMA22_IRQHandler
 .text.DMA7_DMA23_IRQHandler
                0x0000000060005768        0x8 ./startup/startup_mimxrt1052.o
                0x0000000060005768                DMA7_DMA23_IRQHandler
 .text.DMA8_DMA24_IRQHandler
                0x0000000060005770        0x8 ./startup/startup_mimxrt1052.o
                0x0000000060005770                DMA8_DMA24_IRQHandler
 .text.DMA9_DMA25_IRQHandler
                0x0000000060005778        0x8 ./startup/startup_mimxrt1052.o
                0x0000000060005778                DMA9_DMA25_IRQHandler
 .text.DMA10_DMA26_IRQHandler
                0x0000000060005780        0x8 ./startup/startup_mimxrt1052.o
                0x0000000060005780                DMA10_DMA26_IRQHandler
 .text.DMA11_DMA27_IRQHandler
                0x0000000060005788        0x8 ./startup/startup_mimxrt1052.o
                0x0000000060005788                DMA11_DMA27_IRQHandler
 .text.DMA12_DMA28_IRQHandler
                0x0000000060005790        0x8 ./startup/startup_mimxrt1052.o
                0x0000000060005790                DMA12_DMA28_IRQHandler
 .text.DMA13_DMA29_IRQHandler
                0x0000000060005798        0x8 ./startup/startup_mimxrt1052.o
                0x0000000060005798                DMA13_DMA29_IRQHandler
 .text.DMA14_DMA30_IRQHandler
                0x00000000600057a0        0x8 ./startup/startup_mimxrt1052.o
                0x00000000600057a0                DMA14_DMA30_IRQHandler
 .text.DMA15_DMA31_IRQHandler
                0x00000000600057a8        0x8 ./startup/startup_mimxrt1052.o
                0x00000000600057a8                DMA15_DMA31_IRQHandler
 .text.DMA_ERROR_IRQHandler
                0x00000000600057b0        0x8 ./startup/startup_mimxrt1052.o
                0x00000000600057b0                DMA_ERROR_IRQHandler
 .text.CTI0_ERROR_IRQHandler
                0x00000000600057b8        0x8 ./startup/startup_mimxrt1052.o
                0x00000000600057b8                CTI0_ERROR_IRQHandler
 .text.CTI1_ERROR_IRQHandler
                0x00000000600057c0        0x8 ./startup/startup_mimxrt1052.o
                0x00000000600057c0                CTI1_ERROR_IRQHandler
 .text.CORE_IRQHandler
                0x00000000600057c8        0x8 ./startup/startup_mimxrt1052.o
                0x00000000600057c8                CORE_IRQHandler
 .text.LPUART1_IRQHandler
                0x00000000600057d0        0x8 ./startup/startup_mimxrt1052.o
                0x00000000600057d0                LPUART1_IRQHandler
 .text.LPUART2_IRQHandler
                0x00000000600057d8        0x8 ./startup/startup_mimxrt1052.o
                0x00000000600057d8                LPUART2_IRQHandler
 .text.LPUART3_IRQHandler
                0x00000000600057e0        0x8 ./startup/startup_mimxrt1052.o
                0x00000000600057e0                LPUART3_IRQHandler
 .text.LPUART4_IRQHandler
                0x00000000600057e8        0x8 ./startup/startup_mimxrt1052.o
                0x00000000600057e8                LPUART4_IRQHandler
 .text.LPUART5_IRQHandler
                0x00000000600057f0        0x8 ./startup/startup_mimxrt1052.o
                0x00000000600057f0                LPUART5_IRQHandler
 .text.LPUART6_IRQHandler
                0x00000000600057f8        0x8 ./startup/startup_mimxrt1052.o
                0x00000000600057f8                LPUART6_IRQHandler
 .text.LPUART7_IRQHandler
                0x0000000060005800        0x8 ./startup/startup_mimxrt1052.o
                0x0000000060005800                LPUART7_IRQHandler
 .text.LPUART8_IRQHandler
                0x0000000060005808        0x8 ./startup/startup_mimxrt1052.o
                0x0000000060005808                LPUART8_IRQHandler
 .text.LPI2C1_IRQHandler
                0x0000000060005810        0x8 ./startup/startup_mimxrt1052.o
                0x0000000060005810                LPI2C1_IRQHandler
 .text.LPI2C2_IRQHandler
                0x0000000060005818        0x8 ./startup/startup_mimxrt1052.o
                0x0000000060005818                LPI2C2_IRQHandler
 .text.LPI2C3_IRQHandler
                0x0000000060005820        0x8 ./startup/startup_mimxrt1052.o
                0x0000000060005820                LPI2C3_IRQHandler
 .text.LPI2C4_IRQHandler
                0x0000000060005828        0x8 ./startup/startup_mimxrt1052.o
                0x0000000060005828                LPI2C4_IRQHandler
 .text.LPSPI1_IRQHandler
                0x0000000060005830        0x8 ./startup/startup_mimxrt1052.o
                0x0000000060005830                LPSPI1_IRQHandler
 .text.LPSPI2_IRQHandler
                0x0000000060005838        0x8 ./startup/startup_mimxrt1052.o
                0x0000000060005838                LPSPI2_IRQHandler
 .text.LPSPI3_IRQHandler
                0x0000000060005840        0x8 ./startup/startup_mimxrt1052.o
                0x0000000060005840                LPSPI3_IRQHandler
 .text.LPSPI4_IRQHandler
                0x0000000060005848        0x8 ./startup/startup_mimxrt1052.o
                0x0000000060005848                LPSPI4_IRQHandler
 .text.CAN1_IRQHandler
                0x0000000060005850        0x8 ./startup/startup_mimxrt1052.o
                0x0000000060005850                CAN1_IRQHandler
 .text.CAN2_IRQHandler
                0x0000000060005858        0x8 ./startup/startup_mimxrt1052.o
                0x0000000060005858                CAN2_IRQHandler
 .text.FLEXRAM_IRQHandler
                0x0000000060005860        0x8 ./startup/startup_mimxrt1052.o
                0x0000000060005860                FLEXRAM_IRQHandler
 .text.KPP_IRQHandler
                0x0000000060005868        0x8 ./startup/startup_mimxrt1052.o
                0x0000000060005868                KPP_IRQHandler
 .text.TSC_DIG_IRQHandler
                0x0000000060005870        0x8 ./startup/startup_mimxrt1052.o
                0x0000000060005870                TSC_DIG_IRQHandler
 .text.GPR_IRQ_IRQHandler
                0x0000000060005878        0x8 ./startup/startup_mimxrt1052.o
                0x0000000060005878                GPR_IRQ_IRQHandler
 .text.LCDIF_IRQHandler
                0x0000000060005880        0x8 ./startup/startup_mimxrt1052.o
                0x0000000060005880                LCDIF_IRQHandler
 .text.CSI_IRQHandler
                0x0000000060005888        0x8 ./startup/startup_mimxrt1052.o
                0x0000000060005888                CSI_IRQHandler
 .text.PXP_IRQHandler
                0x0000000060005890        0x8 ./startup/startup_mimxrt1052.o
                0x0000000060005890                PXP_IRQHandler
 .text.WDOG2_IRQHandler
                0x0000000060005898        0x8 ./startup/startup_mimxrt1052.o
                0x0000000060005898                WDOG2_IRQHandler
 .text.SNVS_HP_WRAPPER_IRQHandler
                0x00000000600058a0        0x8 ./startup/startup_mimxrt1052.o
                0x00000000600058a0                SNVS_HP_WRAPPER_IRQHandler
 .text.SNVS_HP_WRAPPER_TZ_IRQHandler
                0x00000000600058a8        0x8 ./startup/startup_mimxrt1052.o
                0x00000000600058a8                SNVS_HP_WRAPPER_TZ_IRQHandler
 .text.SNVS_LP_WRAPPER_IRQHandler
                0x00000000600058b0        0x8 ./startup/startup_mimxrt1052.o
                0x00000000600058b0                SNVS_LP_WRAPPER_IRQHandler
 .text.CSU_IRQHandler
                0x00000000600058b8        0x8 ./startup/startup_mimxrt1052.o
                0x00000000600058b8                CSU_IRQHandler
 .text.DCP_IRQHandler
                0x00000000600058c0        0x8 ./startup/startup_mimxrt1052.o
                0x00000000600058c0                DCP_IRQHandler
 .text.DCP_VMI_IRQHandler
                0x00000000600058c8        0x8 ./startup/startup_mimxrt1052.o
                0x00000000600058c8                DCP_VMI_IRQHandler
 .text.Reserved68_IRQHandler
                0x00000000600058d0        0x8 ./startup/startup_mimxrt1052.o
                0x00000000600058d0                Reserved68_IRQHandler
 .text.TRNG_IRQHandler
                0x00000000600058d8        0x8 ./startup/startup_mimxrt1052.o
                0x00000000600058d8                TRNG_IRQHandler
 .text.SJC_IRQHandler
                0x00000000600058e0        0x8 ./startup/startup_mimxrt1052.o
                0x00000000600058e0                SJC_IRQHandler
 .text.BEE_IRQHandler
                0x00000000600058e8        0x8 ./startup/startup_mimxrt1052.o
                0x00000000600058e8                BEE_IRQHandler
 .text.SAI1_IRQHandler
                0x00000000600058f0        0x8 ./startup/startup_mimxrt1052.o
                0x00000000600058f0                SAI1_IRQHandler
 .text.SAI2_IRQHandler
                0x00000000600058f8        0x8 ./startup/startup_mimxrt1052.o
                0x00000000600058f8                SAI2_IRQHandler
 .text.SAI3_RX_IRQHandler
                0x0000000060005900        0x8 ./startup/startup_mimxrt1052.o
                0x0000000060005900                SAI3_RX_IRQHandler
 .text.SAI3_TX_IRQHandler
                0x0000000060005908        0x8 ./startup/startup_mimxrt1052.o
                0x0000000060005908                SAI3_TX_IRQHandler
 .text.SPDIF_IRQHandler
                0x0000000060005910        0x8 ./startup/startup_mimxrt1052.o
                0x0000000060005910                SPDIF_IRQHandler
 .text.PMU_EVENT_IRQHandler
                0x0000000060005918        0x8 ./startup/startup_mimxrt1052.o
                0x0000000060005918                PMU_EVENT_IRQHandler
 .text.Reserved78_IRQHandler
                0x0000000060005920        0x8 ./startup/startup_mimxrt1052.o
                0x0000000060005920                Reserved78_IRQHandler
 .text.TEMP_LOW_HIGH_IRQHandler
                0x0000000060005928        0x8 ./startup/startup_mimxrt1052.o
                0x0000000060005928                TEMP_LOW_HIGH_IRQHandler
 .text.TEMP_PANIC_IRQHandler
                0x0000000060005930        0x8 ./startup/startup_mimxrt1052.o
                0x0000000060005930                TEMP_PANIC_IRQHandler
 .text.USB_PHY1_IRQHandler
                0x0000000060005938        0x8 ./startup/startup_mimxrt1052.o
                0x0000000060005938                USB_PHY1_IRQHandler
 .text.USB_PHY2_IRQHandler
                0x0000000060005940        0x8 ./startup/startup_mimxrt1052.o
                0x0000000060005940                USB_PHY2_IRQHandler
 .text.ADC1_IRQHandler
                0x0000000060005948        0x8 ./startup/startup_mimxrt1052.o
                0x0000000060005948                ADC1_IRQHandler
 .text.ADC2_IRQHandler
                0x0000000060005950        0x8 ./startup/startup_mimxrt1052.o
                0x0000000060005950                ADC2_IRQHandler
 .text.DCDC_IRQHandler
                0x0000000060005958        0x8 ./startup/startup_mimxrt1052.o
                0x0000000060005958                DCDC_IRQHandler
 .text.Reserved86_IRQHandler
                0x0000000060005960        0x8 ./startup/startup_mimxrt1052.o
                0x0000000060005960                Reserved86_IRQHandler
 .text.Reserved87_IRQHandler
                0x0000000060005968        0x8 ./startup/startup_mimxrt1052.o
                0x0000000060005968                Reserved87_IRQHandler
 .text.GPIO1_INT0_IRQHandler
                0x0000000060005970        0x8 ./startup/startup_mimxrt1052.o
                0x0000000060005970                GPIO1_INT0_IRQHandler
 .text.GPIO1_INT1_IRQHandler
                0x0000000060005978        0x8 ./startup/startup_mimxrt1052.o
                0x0000000060005978                GPIO1_INT1_IRQHandler
 .text.GPIO1_INT2_IRQHandler
                0x0000000060005980        0x8 ./startup/startup_mimxrt1052.o
                0x0000000060005980                GPIO1_INT2_IRQHandler
 .text.GPIO1_INT3_IRQHandler
                0x0000000060005988        0x8 ./startup/startup_mimxrt1052.o
                0x0000000060005988                GPIO1_INT3_IRQHandler
 .text.GPIO1_INT4_IRQHandler
                0x0000000060005990        0x8 ./startup/startup_mimxrt1052.o
                0x0000000060005990                GPIO1_INT4_IRQHandler
 .text.GPIO1_INT5_IRQHandler
                0x0000000060005998        0x8 ./startup/startup_mimxrt1052.o
                0x0000000060005998                GPIO1_INT5_IRQHandler
 .text.GPIO1_INT6_IRQHandler
                0x00000000600059a0        0x8 ./startup/startup_mimxrt1052.o
                0x00000000600059a0                GPIO1_INT6_IRQHandler
 .text.GPIO1_INT7_IRQHandler
                0x00000000600059a8        0x8 ./startup/startup_mimxrt1052.o
                0x00000000600059a8                GPIO1_INT7_IRQHandler
 .text.GPIO1_Combined_0_15_IRQHandler
                0x00000000600059b0        0x8 ./startup/startup_mimxrt1052.o
                0x00000000600059b0                GPIO1_Combined_0_15_IRQHandler
 .text.GPIO1_Combined_16_31_IRQHandler
                0x00000000600059b8        0x8 ./startup/startup_mimxrt1052.o
                0x00000000600059b8                GPIO1_Combined_16_31_IRQHandler
 .text.GPIO2_Combined_0_15_IRQHandler
                0x00000000600059c0        0x8 ./startup/startup_mimxrt1052.o
                0x00000000600059c0                GPIO2_Combined_0_15_IRQHandler
 .text.GPIO2_Combined_16_31_IRQHandler
                0x00000000600059c8        0x8 ./startup/startup_mimxrt1052.o
                0x00000000600059c8                GPIO2_Combined_16_31_IRQHandler
 .text.GPIO3_Combined_0_15_IRQHandler
                0x00000000600059d0        0x8 ./startup/startup_mimxrt1052.o
                0x00000000600059d0                GPIO3_Combined_0_15_IRQHandler
 .text.GPIO3_Combined_16_31_IRQHandler
                0x00000000600059d8        0x8 ./startup/startup_mimxrt1052.o
                0x00000000600059d8                GPIO3_Combined_16_31_IRQHandler
 .text.GPIO4_Combined_0_15_IRQHandler
                0x00000000600059e0        0x8 ./startup/startup_mimxrt1052.o
                0x00000000600059e0                GPIO4_Combined_0_15_IRQHandler
 .text.GPIO4_Combined_16_31_IRQHandler
                0x00000000600059e8        0x8 ./startup/startup_mimxrt1052.o
                0x00000000600059e8                GPIO4_Combined_16_31_IRQHandler
 .text.GPIO5_Combined_0_15_IRQHandler
                0x00000000600059f0        0x8 ./startup/startup_mimxrt1052.o
                0x00000000600059f0                GPIO5_Combined_0_15_IRQHandler
 .text.GPIO5_Combined_16_31_IRQHandler
                0x00000000600059f8        0x8 ./startup/startup_mimxrt1052.o
                0x00000000600059f8                GPIO5_Combined_16_31_IRQHandler
 .text.FLEXIO1_IRQHandler
                0x0000000060005a00        0x8 ./startup/startup_mimxrt1052.o
                0x0000000060005a00                FLEXIO1_IRQHandler
 .text.FLEXIO2_IRQHandler
                0x0000000060005a08        0x8 ./startup/startup_mimxrt1052.o
                0x0000000060005a08                FLEXIO2_IRQHandler
 .text.WDOG1_IRQHandler
                0x0000000060005a10        0x8 ./startup/startup_mimxrt1052.o
                0x0000000060005a10                WDOG1_IRQHandler
 .text.RTWDOG_IRQHandler
                0x0000000060005a18        0x8 ./startup/startup_mimxrt1052.o
                0x0000000060005a18                RTWDOG_IRQHandler
 .text.EWM_IRQHandler
                0x0000000060005a20        0x8 ./startup/startup_mimxrt1052.o
                0x0000000060005a20                EWM_IRQHandler
 .text.CCM_1_IRQHandler
                0x0000000060005a28        0x8 ./startup/startup_mimxrt1052.o
                0x0000000060005a28                CCM_1_IRQHandler
 .text.CCM_2_IRQHandler
                0x0000000060005a30        0x8 ./startup/startup_mimxrt1052.o
                0x0000000060005a30                CCM_2_IRQHandler
 .text.GPC_IRQHandler
                0x0000000060005a38        0x8 ./startup/startup_mimxrt1052.o
                0x0000000060005a38                GPC_IRQHandler
 .text.SRC_IRQHandler
                0x0000000060005a40        0x8 ./startup/startup_mimxrt1052.o
                0x0000000060005a40                SRC_IRQHandler
 .text.Reserved115_IRQHandler
                0x0000000060005a48        0x8 ./startup/startup_mimxrt1052.o
                0x0000000060005a48                Reserved115_IRQHandler
 .text.GPT1_IRQHandler
                0x0000000060005a50        0x8 ./startup/startup_mimxrt1052.o
                0x0000000060005a50                GPT1_IRQHandler
 .text.GPT2_IRQHandler
                0x0000000060005a58        0x8 ./startup/startup_mimxrt1052.o
                0x0000000060005a58                GPT2_IRQHandler
 .text.PWM1_0_IRQHandler
                0x0000000060005a60        0x8 ./startup/startup_mimxrt1052.o
                0x0000000060005a60                PWM1_0_IRQHandler
 .text.PWM1_1_IRQHandler
                0x0000000060005a68        0x8 ./startup/startup_mimxrt1052.o
                0x0000000060005a68                PWM1_1_IRQHandler
 .text.PWM1_2_IRQHandler
                0x0000000060005a70        0x8 ./startup/startup_mimxrt1052.o
                0x0000000060005a70                PWM1_2_IRQHandler
 .text.PWM1_3_IRQHandler
                0x0000000060005a78        0x8 ./startup/startup_mimxrt1052.o
                0x0000000060005a78                PWM1_3_IRQHandler
 .text.PWM1_FAULT_IRQHandler
                0x0000000060005a80        0x8 ./startup/startup_mimxrt1052.o
                0x0000000060005a80                PWM1_FAULT_IRQHandler
 .text.Reserved123_IRQHandler
                0x0000000060005a88        0x8 ./startup/startup_mimxrt1052.o
                0x0000000060005a88                Reserved123_IRQHandler
 .text.FLEXSPI_IRQHandler
                0x0000000060005a90        0x8 ./startup/startup_mimxrt1052.o
                0x0000000060005a90                FLEXSPI_IRQHandler
 .text.SEMC_IRQHandler
                0x0000000060005a98        0x8 ./startup/startup_mimxrt1052.o
                0x0000000060005a98                SEMC_IRQHandler
 .text.USDHC1_IRQHandler
                0x0000000060005aa0        0x8 ./startup/startup_mimxrt1052.o
                0x0000000060005aa0                USDHC1_IRQHandler
 .text.USDHC2_IRQHandler
                0x0000000060005aa8        0x8 ./startup/startup_mimxrt1052.o
                0x0000000060005aa8                USDHC2_IRQHandler
 .text.USB_OTG2_IRQHandler
                0x0000000060005ab0        0x8 ./startup/startup_mimxrt1052.o
                0x0000000060005ab0                USB_OTG2_IRQHandler
 .text.USB_OTG1_IRQHandler
                0x0000000060005ab8        0x8 ./startup/startup_mimxrt1052.o
                0x0000000060005ab8                USB_OTG1_IRQHandler
 .text.ENET_IRQHandler
                0x0000000060005ac0        0x8 ./startup/startup_mimxrt1052.o
                0x0000000060005ac0                ENET_IRQHandler
 .text.ENET_1588_Timer_IRQHandler
                0x0000000060005ac8        0x8 ./startup/startup_mimxrt1052.o
                0x0000000060005ac8                ENET_1588_Timer_IRQHandler
 .text.XBAR1_IRQ_0_1_IRQHandler
                0x0000000060005ad0        0x8 ./startup/startup_mimxrt1052.o
                0x0000000060005ad0                XBAR1_IRQ_0_1_IRQHandler
 .text.XBAR1_IRQ_2_3_IRQHandler
                0x0000000060005ad8        0x8 ./startup/startup_mimxrt1052.o
                0x0000000060005ad8                XBAR1_IRQ_2_3_IRQHandler
 .text.ADC_ETC_IRQ0_IRQHandler
                0x0000000060005ae0        0x8 ./startup/startup_mimxrt1052.o
                0x0000000060005ae0                ADC_ETC_IRQ0_IRQHandler
 .text.ADC_ETC_IRQ1_IRQHandler
                0x0000000060005ae8        0x8 ./startup/startup_mimxrt1052.o
                0x0000000060005ae8                ADC_ETC_IRQ1_IRQHandler
 .text.ADC_ETC_IRQ2_IRQHandler
                0x0000000060005af0        0x8 ./startup/startup_mimxrt1052.o
                0x0000000060005af0                ADC_ETC_IRQ2_IRQHandler
 .text.ADC_ETC_ERROR_IRQ_IRQHandler
                0x0000000060005af8        0x8 ./startup/startup_mimxrt1052.o
                0x0000000060005af8                ADC_ETC_ERROR_IRQ_IRQHandler
 .text.PIT_IRQHandler
                0x0000000060005b00        0x8 ./startup/startup_mimxrt1052.o
                0x0000000060005b00                PIT_IRQHandler
 .text.ACMP1_IRQHandler
                0x0000000060005b08        0x8 ./startup/startup_mimxrt1052.o
                0x0000000060005b08                ACMP1_IRQHandler
 .text.ACMP2_IRQHandler
                0x0000000060005b10        0x8 ./startup/startup_mimxrt1052.o
                0x0000000060005b10                ACMP2_IRQHandler
 .text.ACMP3_IRQHandler
                0x0000000060005b18        0x8 ./startup/startup_mimxrt1052.o
                0x0000000060005b18                ACMP3_IRQHandler
 .text.ACMP4_IRQHandler
                0x0000000060005b20        0x8 ./startup/startup_mimxrt1052.o
                0x0000000060005b20                ACMP4_IRQHandler
 .text.Reserved143_IRQHandler
                0x0000000060005b28        0x8 ./startup/startup_mimxrt1052.o
                0x0000000060005b28                Reserved143_IRQHandler
 .text.Reserved144_IRQHandler
                0x0000000060005b30        0x8 ./startup/startup_mimxrt1052.o
                0x0000000060005b30                Reserved144_IRQHandler
 .text.ENC1_IRQHandler
                0x0000000060005b38        0x8 ./startup/startup_mimxrt1052.o
                0x0000000060005b38                ENC1_IRQHandler
 .text.ENC2_IRQHandler
                0x0000000060005b40        0x8 ./startup/startup_mimxrt1052.o
                0x0000000060005b40                ENC2_IRQHandler
 .text.ENC3_IRQHandler
                0x0000000060005b48        0x8 ./startup/startup_mimxrt1052.o
                0x0000000060005b48                ENC3_IRQHandler
 .text.ENC4_IRQHandler
                0x0000000060005b50        0x8 ./startup/startup_mimxrt1052.o
                0x0000000060005b50                ENC4_IRQHandler
 .text.TMR1_IRQHandler
                0x0000000060005b58        0x8 ./startup/startup_mimxrt1052.o
                0x0000000060005b58                TMR1_IRQHandler
 .text.TMR2_IRQHandler
                0x0000000060005b60        0x8 ./startup/startup_mimxrt1052.o
                0x0000000060005b60                TMR2_IRQHandler
 .text.TMR3_IRQHandler
                0x0000000060005b68        0x8 ./startup/startup_mimxrt1052.o
                0x0000000060005b68                TMR3_IRQHandler
 .text.TMR4_IRQHandler
                0x0000000060005b70        0x8 ./startup/startup_mimxrt1052.o
                0x0000000060005b70                TMR4_IRQHandler
 .text.PWM2_0_IRQHandler
                0x0000000060005b78        0x8 ./startup/startup_mimxrt1052.o
                0x0000000060005b78                PWM2_0_IRQHandler
 .text.PWM2_1_IRQHandler
                0x0000000060005b80        0x8 ./startup/startup_mimxrt1052.o
                0x0000000060005b80                PWM2_1_IRQHandler
 .text.PWM2_2_IRQHandler
                0x0000000060005b88        0x8 ./startup/startup_mimxrt1052.o
                0x0000000060005b88                PWM2_2_IRQHandler
 .text.PWM2_3_IRQHandler
                0x0000000060005b90        0x8 ./startup/startup_mimxrt1052.o
                0x0000000060005b90                PWM2_3_IRQHandler
 .text.PWM2_FAULT_IRQHandler
                0x0000000060005b98        0x8 ./startup/startup_mimxrt1052.o
                0x0000000060005b98                PWM2_FAULT_IRQHandler
 .text.PWM3_0_IRQHandler
                0x0000000060005ba0        0x8 ./startup/startup_mimxrt1052.o
                0x0000000060005ba0                PWM3_0_IRQHandler
 .text.PWM3_1_IRQHandler
                0x0000000060005ba8        0x8 ./startup/startup_mimxrt1052.o
                0x0000000060005ba8                PWM3_1_IRQHandler
 .text.PWM3_2_IRQHandler
                0x0000000060005bb0        0x8 ./startup/startup_mimxrt1052.o
                0x0000000060005bb0                PWM3_2_IRQHandler
 .text.PWM3_3_IRQHandler
                0x0000000060005bb8        0x8 ./startup/startup_mimxrt1052.o
                0x0000000060005bb8                PWM3_3_IRQHandler
 .text.PWM3_FAULT_IRQHandler
                0x0000000060005bc0        0x8 ./startup/startup_mimxrt1052.o
                0x0000000060005bc0                PWM3_FAULT_IRQHandler
 .text.PWM4_0_IRQHandler
                0x0000000060005bc8        0x8 ./startup/startup_mimxrt1052.o
                0x0000000060005bc8                PWM4_0_IRQHandler
 .text.PWM4_1_IRQHandler
                0x0000000060005bd0        0x8 ./startup/startup_mimxrt1052.o
                0x0000000060005bd0                PWM4_1_IRQHandler
 .text.PWM4_2_IRQHandler
                0x0000000060005bd8        0x8 ./startup/startup_mimxrt1052.o
                0x0000000060005bd8                PWM4_2_IRQHandler
 .text.PWM4_3_IRQHandler
                0x0000000060005be0        0x8 ./startup/startup_mimxrt1052.o
                0x0000000060005be0                PWM4_3_IRQHandler
 .text.PWM4_FAULT_IRQHandler
                0x0000000060005be8        0x8 ./startup/startup_mimxrt1052.o
                0x0000000060005be8                PWM4_FAULT_IRQHandler
 .text.HardFault_Handler
                0x0000000060005bf0       0x2c ./source/semihost_hardfault.o
                0x0000000060005bf0                HardFault_Handler
 .text.CLOCK_IsPllBypassed
                0x0000000060005c1c       0x32 ./drivers/fsl_clock.o
 .text.CLOCK_IsPllEnabled
                0x0000000060005c4e       0x3c ./drivers/fsl_clock.o
 .text.CLOCK_GetPllBypassRefClk
                0x0000000060005c8a       0x34 ./drivers/fsl_clock.o
 .text.LPSPI_IsMaster
                0x0000000060005cbe       0x26 ./drivers/fsl_lpspi.o
 .text.CLOCK_EnableClock
                0x0000000060005ce4       0x1e ./drivers/fsl_lpuart.o
 .text.LPUART_SoftwareReset
                0x0000000060005d02       0x2c ./drivers/fsl_lpuart.o
 .text.SystemInitHook
                0x0000000060005d2e        0xe ./device/system_MIMXRT1052.o
                0x0000000060005d2e                SystemInitHook
 .text.HAL_UartGetStatus
                0x0000000060005d3c       0x22 ./component/uart/lpuart_adapter.o
 .text.BOARD_InitDebugConsole
                0x0000000060005d5e       0x22 ./board/board.o
                0x0000000060005d5e                BOARD_InitDebugConsole
 .text.CLOCK_DisableClock
                0x0000000060005d80       0x1e ./board/clock_config.o
 .text.CLOCK_SetPllBypass
                0x0000000060005d9e       0x4e ./board/clock_config.o
 .text.IOMUXC_SetSaiMClkClockSource
                0x0000000060005dec       0x6c ./board/clock_config.o
 .text.BOARD_InitBootClocks
                0x0000000060005e58        0xc ./board/clock_config.o
                0x0000000060005e58                BOARD_InitBootClocks
 .text.BOARD_InitBootPeripherals
                0x0000000060005e64        0xc ./board/peripherals.o
                0x0000000060005e64                BOARD_InitBootPeripherals
 .text.CLOCK_EnableClock
                0x0000000060005e70       0x1e ./board/pin_mux.o
 .text.IOMUXC_SetPinMux
                0x0000000060005e8e       0x3a ./board/pin_mux.o
 .text.IOMUXC_SetPinConfig
                0x0000000060005ec8       0x26 ./board/pin_mux.o
 .text.BOARD_InitBootPins
                0x0000000060005eee       0x10 ./board/pin_mux.o
                0x0000000060005eee                BOARD_InitBootPins
 .text.BOARD_InitPins
                0x0000000060005efe        0xe ./board/pin_mux.o
                0x0000000060005efe                BOARD_InitPins
 .text.vListInsertEnd
                0x0000000060005f0c       0x48 ./amazon-freertos/FreeRTOS/list.o
                0x0000000060005f0c                vListInsertEnd
 .text.uxListRemove
                0x0000000060005f54       0x54 ./amazon-freertos/FreeRTOS/list.o
                0x0000000060005f54                uxListRemove
 .text.__main   0x0000000060005fa8        0xe /Applications/MCUXpressoIDE_11.0.0_2516/ide/plugins/com.nxp.mcuxpresso.tools.macosx_11.0.0.201905131304/tools/bin/../lib/gcc/arm-none-eabi/8.2.1/../../../../arm-none-eabi/lib/thumb/v7e-m+fp/hard/libcr_semihost_nf.a(_cr__main.o)
                0x0000000060005fa8                __main
                0x0000000060005fa8                __CR_SEMIHOST
 .text.memset   0x0000000060005fb6        0x4 /Applications/MCUXpressoIDE_11.0.0_2516/ide/plugins/com.nxp.mcuxpresso.tools.macosx_11.0.0.201905131304/tools/bin/../lib/gcc/arm-none-eabi/8.2.1/../../../../arm-none-eabi/lib/thumb/v7e-m+fp/hard/libcr_c.a(memset.o)
                0x0000000060005fb6                memset
 .text._deferredlazyseek
                0x0000000060005fba       0x40 /Applications/MCUXpressoIDE_11.0.0_2516/ide/plugins/com.nxp.mcuxpresso.tools.macosx_11.0.0.201905131304/tools/bin/../lib/gcc/arm-none-eabi/8.2.1/../../../../arm-none-eabi/lib/thumb/v7e-m+fp/hard/libcr_c.a(_deferredlazyseek.o)
                0x0000000060005fba                _deferredlazyseek
 .text.__flsbuf
                0x0000000060005ffa      0x140 /Applications/MCUXpressoIDE_11.0.0_2516/ide/plugins/com.nxp.mcuxpresso.tools.macosx_11.0.0.201905131304/tools/bin/../lib/gcc/arm-none-eabi/8.2.1/../../../../arm-none-eabi/lib/thumb/v7e-m+fp/hard/libcr_c.a(_deferredlazyseek.o)
                0x0000000060005ffa                __flsbuf
 .text._fflush  0x000000006000613a       0x52 /Applications/MCUXpressoIDE_11.0.0_2516/ide/plugins/com.nxp.mcuxpresso.tools.macosx_11.0.0.201905131304/tools/bin/../lib/gcc/arm-none-eabi/8.2.1/../../../../arm-none-eabi/lib/thumb/v7e-m+fp/hard/libcr_c.a(_fflush.o)
                0x000000006000613a                _fflush
 .text.free     0x000000006000618c       0x30 /Applications/MCUXpressoIDE_11.0.0_2516/ide/plugins/com.nxp.mcuxpresso.tools.macosx_11.0.0.201905131304/tools/bin/../lib/gcc/arm-none-eabi/8.2.1/../../../../arm-none-eabi/lib/thumb/v7e-m+fp/hard/libcr_c.a(alloc.o)
                0x000000006000618c                free
 .text.fputs    0x00000000600061bc       0x2c /Applications/MCUXpressoIDE_11.0.0_2516/ide/plugins/com.nxp.mcuxpresso.tools.macosx_11.0.0.201905131304/tools/bin/../lib/gcc/arm-none-eabi/8.2.1/../../../../arm-none-eabi/lib/thumb/v7e-m+fp/hard/libcr_c.a(fputs.o)
                0x00000000600061bc                fputs
 .text.no_fp_display
                0x00000000600061e8        0x4 /Applications/MCUXpressoIDE_11.0.0_2516/ide/plugins/com.nxp.mcuxpresso.tools.macosx_11.0.0.201905131304/tools/bin/../lib/gcc/arm-none-eabi/8.2.1/../../../../arm-none-eabi/lib/thumb/v7e-m+fp/hard/libcr_c.a(printf.o)
 .text.strlen   0x00000000600061ec       0x4c /Applications/MCUXpressoIDE_11.0.0_2516/ide/plugins/com.nxp.mcuxpresso.tools.macosx_11.0.0.201905131304/tools/bin/../lib/gcc/arm-none-eabi/8.2.1/../../../../arm-none-eabi/lib/thumb/v7e-m+fp/hard/libcr_c.a(strlen.o)
                0x00000000600061ec                strlen
 .text._fdopen  0x0000000060006238       0x68 /Applications/MCUXpressoIDE_11.0.0_2516/ide/plugins/com.nxp.mcuxpresso.tools.macosx_11.0.0.201905131304/tools/bin/../lib/gcc/arm-none-eabi/8.2.1/../../../../arm-none-eabi/lib/thumb/v7e-m+fp/hard/libcr_c.a(_fdopen.o)
                0x0000000060006238                _fdopen
 .text.fclose   0x00000000600062a0       0x58 /Applications/MCUXpressoIDE_11.0.0_2516/ide/plugins/com.nxp.mcuxpresso.tools.macosx_11.0.0.201905131304/tools/bin/../lib/gcc/arm-none-eabi/8.2.1/../../../../arm-none-eabi/lib/thumb/v7e-m+fp/hard/libcr_c.a(fclose.o)
                0x00000000600062a0                fclose
 .text.remove   0x00000000600062f8       0x14 /Applications/MCUXpressoIDE_11.0.0_2516/ide/plugins/com.nxp.mcuxpresso.tools.macosx_11.0.0.201905131304/tools/bin/../lib/gcc/arm-none-eabi/8.2.1/../../../../arm-none-eabi/lib/thumb/v7e-m+fp/hard/libcr_c.a(remove.o)
                0x00000000600062f8                remove
 .text._do_fflush
                0x000000006000630c       0x40 /Applications/MCUXpressoIDE_11.0.0_2516/ide/plugins/com.nxp.mcuxpresso.tools.macosx_11.0.0.201905131304/tools/bin/../lib/gcc/arm-none-eabi/8.2.1/../../../../arm-none-eabi/lib/thumb/v7e-m+fp/hard/libcr_c.a(_do_fflush.o)
                0x000000006000630c                _do_fflush
 .text.__aeabi_division_uldivmod
                0x000000006000634c      0x174 /Applications/MCUXpressoIDE_11.0.0_2516/ide/plugins/com.nxp.mcuxpresso.tools.macosx_11.0.0.201905131304/tools/bin/../lib/gcc/arm-none-eabi/8.2.1/thumb/v7e-m+fp/hard/libcr_eabihelpers.a(division_64.o)
                0x000000006000634c                __aeabi_uldivmod
                0x0000000060006350                __bhs_ldivmod1
 .text.__aeabi_division_idiv0
                0x00000000600064c0        0x2 /Applications/MCUXpressoIDE_11.0.0_2516/ide/plugins/com.nxp.mcuxpresso.tools.macosx_11.0.0.201905131304/tools/bin/../lib/gcc/arm-none-eabi/8.2.1/thumb/v7e-m+fp/hard/libcr_eabihelpers.a(division_idiv0.o)
                0x00000000600064c0                __aeabi_idiv0
 .text.__aeabi_memset_lowlevel
                0x00000000600064c2       0x32 /Applications/MCUXpressoIDE_11.0.0_2516/ide/plugins/com.nxp.mcuxpresso.tools.macosx_11.0.0.201905131304/tools/bin/../lib/gcc/arm-none-eabi/8.2.1/thumb/v7e-m+fp/hard/libcr_eabihelpers.a(memcpy.o)
                0x00000000600064c2                __aeabi_lowlevel_memset
 .text.__sys_close
                0x00000000600064f4        0xc /Applications/MCUXpressoIDE_11.0.0_2516/ide/plugins/com.nxp.mcuxpresso.tools.macosx_11.0.0.201905131304/tools/bin/../lib/gcc/arm-none-eabi/8.2.1/../../../../arm-none-eabi/lib/thumb/v7e-m+fp/hard/libcr_semihost_nf.a(__sys_close.o)
                0x00000000600064f4                __sys_close
 .text.__sys_flen
                0x0000000060006500        0xc /Applications/MCUXpressoIDE_11.0.0_2516/ide/plugins/com.nxp.mcuxpresso.tools.macosx_11.0.0.201905131304/tools/bin/../lib/gcc/arm-none-eabi/8.2.1/../../../../arm-none-eabi/lib/thumb/v7e-m+fp/hard/libcr_semihost_nf.a(__sys_flen.o)
                0x0000000060006500                __sys_flen
 .text.__sys_istty
                0x000000006000650c        0xc /Applications/MCUXpressoIDE_11.0.0_2516/ide/plugins/com.nxp.mcuxpresso.tools.macosx_11.0.0.201905131304/tools/bin/../lib/gcc/arm-none-eabi/8.2.1/../../../../arm-none-eabi/lib/thumb/v7e-m+fp/hard/libcr_semihost_nf.a(__sys_istty.o)
                0x000000006000650c                __sys_istty
 .text.__sys_remove
                0x0000000060006518        0xc /Applications/MCUXpressoIDE_11.0.0_2516/ide/plugins/com.nxp.mcuxpresso.tools.macosx_11.0.0.201905131304/tools/bin/../lib/gcc/arm-none-eabi/8.2.1/../../../../arm-none-eabi/lib/thumb/v7e-m+fp/hard/libcr_semihost_nf.a(__sys_remove.o)
                0x0000000060006518                __sys_remove
 .text.__sys_seek
                0x0000000060006524        0xc /Applications/MCUXpressoIDE_11.0.0_2516/ide/plugins/com.nxp.mcuxpresso.tools.macosx_11.0.0.201905131304/tools/bin/../lib/gcc/arm-none-eabi/8.2.1/../../../../arm-none-eabi/lib/thumb/v7e-m+fp/hard/libcr_semihost_nf.a(__sys_seek.o)
                0x0000000060006524                __sys_seek
 .text.__sys_tmpnam
                0x0000000060006530        0xc /Applications/MCUXpressoIDE_11.0.0_2516/ide/plugins/com.nxp.mcuxpresso.tools.macosx_11.0.0.201905131304/tools/bin/../lib/gcc/arm-none-eabi/8.2.1/../../../../arm-none-eabi/lib/thumb/v7e-m+fp/hard/libcr_semihost_nf.a(__sys_tmpnam.o)
                0x0000000060006530                __sys_tmpnam
 .text.__sys_write
                0x000000006000653c        0xc /Applications/MCUXpressoIDE_11.0.0_2516/ide/plugins/com.nxp.mcuxpresso.tools.macosx_11.0.0.201905131304/tools/bin/../lib/gcc/arm-none-eabi/8.2.1/../../../../arm-none-eabi/lib/thumb/v7e-m+fp/hard/libcr_semihost_nf.a(__sys_write.o)
                0x000000006000653c                __sys_write
 *(SORT_BY_ALIGNMENT(.rodata) SORT_BY_ALIGNMENT(.rodata.*) SORT_BY_ALIGNMENT(.constdata) SORT_BY_ALIGNMENT(.constdata.*))
 .rodata.dcd_data
                0x0000000060006548        0x1 ./xip/evkbimxrt1050_sdram_ini_dcd.o
                0x0000000060006548                dcd_data
 *fill*         0x0000000060006549        0x3 ff
 .rodata        0x000000006000654c      0x1b7 ./utilities/fsl_debug_console.o
 *fill*         0x0000000060006703        0x1 ff
 .rodata        0x0000000060006704        0xd ./source/MIMXRT1052xxxxB_Project.o
 *fill*         0x0000000060006711        0x3 ff
 .rodata        0x0000000060006714       0x3c ./drivers/fsl_clock.o
 .rodata        0x0000000060006750      0x58f ./drivers/fsl_lpspi.o
 *fill*         0x0000000060006cdf        0x1 ff
 .rodata        0x0000000060006ce0      0x5c6 ./drivers/fsl_lpuart.o
 *fill*         0x00000000600072a6        0x2 ff
 .rodata.s_lpuartBases
                0x00000000600072a8       0x24 ./drivers/fsl_lpuart.o
 .rodata.s_lpuartClock
                0x00000000600072cc       0x12 ./drivers/fsl_lpuart.o
 *fill*         0x00000000600072de        0x2 ff
 .rodata.s_LpuartAdapterBase
                0x00000000600072e0       0x24 ./component/uart/lpuart_adapter.o
 .rodata        0x0000000060007304      0x274 ./component/uart/lpuart_adapter.o
 .rodata        0x0000000060007578      0x521 ./component/serial_manager/serial_manager.o
 *fill*         0x0000000060007a99        0x3 ff
 .rodata        0x0000000060007a9c      0x244 ./component/serial_manager/serial_port_uart.o
 .rodata        0x0000000060007ce0       0xa0 ./board/clock_config.o
 .rodata.armPllConfig_BOARD_BootClockRUN
                0x0000000060007d80        0x8 ./board/clock_config.o
                0x0000000060007d80                armPllConfig_BOARD_BootClockRUN
 .rodata.sysPllConfig_BOARD_BootClockRUN
                0x0000000060007d88       0x14 ./board/clock_config.o
                0x0000000060007d88                sysPllConfig_BOARD_BootClockRUN
 .rodata        0x0000000060007d9c       0x28 ./board/pin_mux.o
 .rodata.__num_Ciob_streams
                0x0000000060007dc4        0x4 /Applications/MCUXpressoIDE_11.0.0_2516/ide/plugins/com.nxp.mcuxpresso.tools.macosx_11.0.0.201905131304/tools/bin/../lib/gcc/arm-none-eabi/8.2.1/../../../../arm-none-eabi/lib/thumb/v7e-m+fp/hard/libcr_semihost_nf.a(__ciob.o)
                0x0000000060007dc4                __num_Ciob_streams
 .rodata.__assertion_failed.str1.1
                0x0000000060007dc8       0x15 /Applications/MCUXpressoIDE_11.0.0_2516/ide/plugins/com.nxp.mcuxpresso.tools.macosx_11.0.0.201905131304/tools/bin/../lib/gcc/arm-none-eabi/8.2.1/../../../../arm-none-eabi/lib/thumb/v7e-m+fp/hard/libcr_semihost_nf.a(_cr_assert.o)
 .rodata._Csys_alloc.str1.1
                0x0000000060007ddd       0x18 /Applications/MCUXpressoIDE_11.0.0_2516/ide/plugins/com.nxp.mcuxpresso.tools.macosx_11.0.0.201905131304/tools/bin/../lib/gcc/arm-none-eabi/8.2.1/../../../../arm-none-eabi/lib/thumb/v7e-m+fp/hard/libcr_c.a(alloc.o)
 .rodata._initio.str1.1
                0x0000000060007df5        0x4 /Applications/MCUXpressoIDE_11.0.0_2516/ide/plugins/com.nxp.mcuxpresso.tools.macosx_11.0.0.201905131304/tools/bin/../lib/gcc/arm-none-eabi/8.2.1/../../../../arm-none-eabi/lib/thumb/v7e-m+fp/hard/libcr_c.a(initio.o)
 .rodata.__vfprintf.str1.1
                0x0000000060007df9       0x35 /Applications/MCUXpressoIDE_11.0.0_2516/ide/plugins/com.nxp.mcuxpresso.tools.macosx_11.0.0.201905131304/tools/bin/../lib/gcc/arm-none-eabi/8.2.1/../../../../arm-none-eabi/lib/thumb/v7e-m+fp/hard/libcr_c.a(printf.o)
                                         0x38 (size before relaxing)
                0x0000000060007e30                . = ALIGN (0x4)
 *fill*         0x0000000060007e2e        0x2 ff

.glue_7         0x0000000060007e30        0x0
 .glue_7        0x0000000060007e30        0x0 linker stubs

.glue_7t        0x0000000060007e30        0x0
 .glue_7t       0x0000000060007e30        0x0 linker stubs

.vfp11_veneer   0x0000000060007e30        0x0
 .vfp11_veneer  0x0000000060007e30        0x0 linker stubs

.v4_bx          0x0000000060007e30        0x0
 .v4_bx         0x0000000060007e30        0x0 linker stubs

.iplt           0x0000000060007e30        0x0
 .iplt          0x0000000060007e30        0x0 ./xip/evkbimxrt1050_flexspi_nor_config.o

.rel.dyn        0x0000000060007e30        0x0
 .rel.iplt      0x0000000060007e30        0x0 ./xip/evkbimxrt1050_flexspi_nor_config.o

.ARM.extab
 *(SORT_BY_ALIGNMENT(.ARM.extab*) SORT_BY_ALIGNMENT(.gnu.linkonce.armextab.*))
                0x0000000060007e30                __exidx_start = .

.ARM.exidx
 *(SORT_BY_ALIGNMENT(.ARM.exidx*) SORT_BY_ALIGNMENT(.gnu.linkonce.armexidx.*))
                0x0000000060007e30                __exidx_end = .
                0x0000000060007e30                _etext = .

.data_RAM2      0x0000000000000000        0x0 load address 0x0000000060007e30
 FILL mask 0xff
                [!provide]                        PROVIDE (__start_data_RAM2 = .)
 *(SORT_BY_ALIGNMENT(.ramfunc.$RAM2))
 *(SORT_BY_ALIGNMENT(.ramfunc.$SRAM_ITC))
 *(SORT_BY_ALIGNMENT(.data.$RAM2))
 *(SORT_BY_ALIGNMENT(.data.$SRAM_ITC))
 *(SORT_BY_ALIGNMENT(.data.$RAM2.*))
 *(SORT_BY_ALIGNMENT(.data.$SRAM_ITC.*))
                0x0000000000000000                . = ALIGN (0x4)
                [!provide]                        PROVIDE (__end_data_RAM2 = .)

.data_RAM3      0x0000000020200000        0x0 load address 0x0000000060007e30
 FILL mask 0xff
                [!provide]                        PROVIDE (__start_data_RAM3 = .)
 *(SORT_BY_ALIGNMENT(.ramfunc.$RAM3))
 *(SORT_BY_ALIGNMENT(.ramfunc.$SRAM_OC))
 *(SORT_BY_ALIGNMENT(.data.$RAM3))
 *(SORT_BY_ALIGNMENT(.data.$SRAM_OC))
 *(SORT_BY_ALIGNMENT(.data.$RAM3.*))
 *(SORT_BY_ALIGNMENT(.data.$SRAM_OC.*))
                0x0000000020200000                . = ALIGN (0x4)
                [!provide]                        PROVIDE (__end_data_RAM3 = .)

.data_RAM4      0x0000000080000000        0x0 load address 0x0000000060007e30
 FILL mask 0xff
                [!provide]                        PROVIDE (__start_data_RAM4 = .)
 *(SORT_BY_ALIGNMENT(.ramfunc.$RAM4))
 *(SORT_BY_ALIGNMENT(.ramfunc.$BOARD_SDRAM))
 *(SORT_BY_ALIGNMENT(.data.$RAM4))
 *(SORT_BY_ALIGNMENT(.data.$BOARD_SDRAM))
 *(SORT_BY_ALIGNMENT(.data.$RAM4.*))
 *(SORT_BY_ALIGNMENT(.data.$BOARD_SDRAM.*))
                0x0000000080000000                . = ALIGN (0x4)
                [!provide]                        PROVIDE (__end_data_RAM4 = .)

.uninit_RESERVED
                0x0000000020000000        0x0
                0x0000000020000000                . = ALIGN (0x4)
 *(SORT_BY_ALIGNMENT(.bss.$RESERVED*))
                0x0000000020000000                . = ALIGN (0x4)
                0x0000000020000000                _end_uninit_RESERVED = .

.data           0x0000000020000000        0x4 load address 0x0000000060007e30
 FILL mask 0xff
                0x0000000020000000                _data = .
 *(SORT_BY_ALIGNMENT(vtable))
 *(SORT_BY_ALIGNMENT(.ramfunc*))
 *(SORT_BY_ALIGNMENT(.data*))
 .data.SystemCoreClock
                0x0000000020000000        0x4 ./device/system_MIMXRT1052.o
                0x0000000020000000                SystemCoreClock
                0x0000000020000004                . = ALIGN (0x4)
                0x0000000020000004                _edata = .

.igot.plt       0x0000000020000004        0x0 load address 0x0000000060007e34
 .igot.plt      0x0000000020000004        0x0 ./xip/evkbimxrt1050_flexspi_nor_config.o

.bss_RAM2       0x0000000000000000        0x0
                0x0000000000000000                . = ALIGN (0x4)
                [!provide]                        PROVIDE (__start_bss_RAM2 = .)
 *(SORT_BY_ALIGNMENT(.bss.$RAM2))
 *(SORT_BY_ALIGNMENT(.bss.$SRAM_ITC))
 *(SORT_BY_ALIGNMENT(.bss.$RAM2.*))
 *(SORT_BY_ALIGNMENT(.bss.$SRAM_ITC.*))
                0x0000000000000000                . = ALIGN ((. != 0x0)?0x4:0x1)
                [!provide]                        PROVIDE (__end_bss_RAM2 = .)

.bss_RAM3       0x0000000020200000        0x0
                0x0000000020200000                . = ALIGN (0x4)
                [!provide]                        PROVIDE (__start_bss_RAM3 = .)
 *(SORT_BY_ALIGNMENT(.bss.$RAM3))
 *(SORT_BY_ALIGNMENT(.bss.$SRAM_OC))
 *(SORT_BY_ALIGNMENT(.bss.$RAM3.*))
 *(SORT_BY_ALIGNMENT(.bss.$SRAM_OC.*))
                0x0000000020200000                . = ALIGN ((. != 0x0)?0x4:0x1)
                [!provide]                        PROVIDE (__end_bss_RAM3 = .)

.bss_RAM4       0x0000000080000000        0x0
                0x0000000080000000                . = ALIGN (0x4)
                [!provide]                        PROVIDE (__start_bss_RAM4 = .)
 *(SORT_BY_ALIGNMENT(.bss.$RAM4))
 *(SORT_BY_ALIGNMENT(.bss.$BOARD_SDRAM))
 *(SORT_BY_ALIGNMENT(.bss.$RAM4.*))
 *(SORT_BY_ALIGNMENT(.bss.$BOARD_SDRAM.*))
                0x0000000080000000                . = ALIGN ((. != 0x0)?0x4:0x1)
                [!provide]                        PROVIDE (__end_bss_RAM4 = .)

.bss            0x0000000020000004      0x1ec
                0x0000000020000004                . = ALIGN (0x4)
                0x0000000020000004                _bss = .
 *(SORT_BY_ALIGNMENT(.bss*))
 .bss.s_debugConsoleState
                0x0000000020000004       0x1c ./utilities/fsl_debug_console.o
 .bss.g_serialHandle
                0x0000000020000020        0x4 ./utilities/fsl_debug_console.o
                0x0000000020000020                g_serialHandle
 .bss.i.10010   0x0000000020000024        0x4 ./source/MIMXRT1052xxxxB_Project.o
 .bss.g_xtalFreq
                0x0000000020000028        0x4 ./drivers/fsl_clock.o
                0x0000000020000028                g_xtalFreq
 .bss.g_rtcXtalFreq
                0x000000002000002c        0x4 ./drivers/fsl_clock.o
                0x000000002000002c                g_rtcXtalFreq
 .bss.s_lpi2cMasterIsr
                0x0000000020000030        0x4 ./drivers/fsl_lpi2c.o
 .bss.s_lpi2cMasterHandle
                0x0000000020000034       0x14 ./drivers/fsl_lpi2c.o
 .bss.s_lpi2cSlaveIsr
                0x0000000020000048        0x4 ./drivers/fsl_lpi2c.o
 .bss.s_lpi2cSlaveHandle
                0x000000002000004c       0x14 ./drivers/fsl_lpi2c.o
 .bss.s_lpspiHandle
                0x0000000020000060       0x14 ./drivers/fsl_lpspi.o
 .bss.s_lpspiMasterIsr
                0x0000000020000074        0x4 ./drivers/fsl_lpspi.o
 .bss.s_lpspiSlaveIsr
                0x0000000020000078        0x4 ./drivers/fsl_lpspi.o
 .bss.s_lpuartHandle
                0x000000002000007c       0x24 ./drivers/fsl_lpuart.o
 .bss.s_lpuartIsr
                0x00000000200000a0        0x4 ./drivers/fsl_lpuart.o
 .bss.pxCurrentTCB
                0x00000000200000a4        0x4 ./amazon-freertos/FreeRTOS/tasks.o
                0x00000000200000a4                pxCurrentTCB
 .bss.pxReadyTasksLists
                0x00000000200000a8       0x64 ./amazon-freertos/FreeRTOS/tasks.o
 .bss.pxDelayedTaskList
                0x000000002000010c        0x4 ./amazon-freertos/FreeRTOS/tasks.o
 .bss.pxOverflowDelayedTaskList
                0x0000000020000110        0x4 ./amazon-freertos/FreeRTOS/tasks.o
 .bss.xTickCount
                0x0000000020000114        0x4 ./amazon-freertos/FreeRTOS/tasks.o
 .bss.uxTopReadyPriority
                0x0000000020000118        0x4 ./amazon-freertos/FreeRTOS/tasks.o
 .bss.uxPendedTicks
                0x000000002000011c        0x4 ./amazon-freertos/FreeRTOS/tasks.o
 .bss.xYieldPending
                0x0000000020000120        0x4 ./amazon-freertos/FreeRTOS/tasks.o
 .bss.xNumOfOverflows
                0x0000000020000124        0x4 ./amazon-freertos/FreeRTOS/tasks.o
 .bss.xNextTaskUnblockTime
                0x0000000020000128        0x4 ./amazon-freertos/FreeRTOS/tasks.o
 .bss.uxSchedulerSuspended
                0x000000002000012c        0x4 ./amazon-freertos/FreeRTOS/tasks.o
 .bss.__Ciob    0x0000000020000130       0xb4 /Applications/MCUXpressoIDE_11.0.0_2516/ide/plugins/com.nxp.mcuxpresso.tools.macosx_11.0.0.201905131304/tools/bin/../lib/gcc/arm-none-eabi/8.2.1/../../../../arm-none-eabi/lib/thumb/v7e-m+fp/hard/libcr_semihost_nf.a(__ciob.o)
                0x0000000020000130                __Ciob
 .bss.__end_of_heap
                0x00000000200001e4        0x4 /Applications/MCUXpressoIDE_11.0.0_2516/ide/plugins/com.nxp.mcuxpresso.tools.macosx_11.0.0.201905131304/tools/bin/../lib/gcc/arm-none-eabi/8.2.1/../../../../arm-none-eabi/lib/thumb/v7e-m+fp/hard/libcr_c.a(__init_alloc.o)
                0x00000000200001e4                __end_of_heap
 .bss.__heaps   0x00000000200001e8        0x4 /Applications/MCUXpressoIDE_11.0.0_2516/ide/plugins/com.nxp.mcuxpresso.tools.macosx_11.0.0.201905131304/tools/bin/../lib/gcc/arm-none-eabi/8.2.1/../../../../arm-none-eabi/lib/thumb/v7e-m+fp/hard/libcr_c.a(__init_alloc.o)
                0x00000000200001e8                __heaps
 .bss.errno     0x00000000200001ec        0x4 /Applications/MCUXpressoIDE_11.0.0_2516/ide/plugins/com.nxp.mcuxpresso.tools.macosx_11.0.0.201905131304/tools/bin/../lib/gcc/arm-none-eabi/8.2.1/../../../../arm-none-eabi/lib/thumb/v7e-m+fp/hard/libcr_c.a(errno.o)
                0x00000000200001ec                errno
 *(SORT_BY_ALIGNMENT(COMMON))
                0x00000000200001f0                . = ALIGN (0x4)
                0x00000000200001f0                _ebss = .
                [!provide]                        PROVIDE (end = .)

.noinit_RAM2    0x0000000000000000        0x0
                0x0000000000000000                . = ALIGN (0x4)
 *(SORT_BY_ALIGNMENT(.noinit.$RAM2))
 *(SORT_BY_ALIGNMENT(.noinit.$SRAM_ITC))
 *(SORT_BY_ALIGNMENT(.noinit.$RAM2.*))
 *(SORT_BY_ALIGNMENT(.noinit.$SRAM_ITC.*))
                0x0000000000000000                . = ALIGN (0x4)

.noinit_RAM3    0x0000000020200000        0x0
                0x0000000020200000                . = ALIGN (0x4)
 *(SORT_BY_ALIGNMENT(.noinit.$RAM3))
 *(SORT_BY_ALIGNMENT(.noinit.$SRAM_OC))
 *(SORT_BY_ALIGNMENT(.noinit.$RAM3.*))
 *(SORT_BY_ALIGNMENT(.noinit.$SRAM_OC.*))
                0x0000000020200000                . = ALIGN (0x4)

.noinit_RAM4    0x0000000080000000        0x0
                0x0000000080000000                . = ALIGN (0x4)
 *(SORT_BY_ALIGNMENT(.noinit.$RAM4))
 *(SORT_BY_ALIGNMENT(.noinit.$BOARD_SDRAM))
 *(SORT_BY_ALIGNMENT(.noinit.$RAM4.*))
 *(SORT_BY_ALIGNMENT(.noinit.$BOARD_SDRAM.*))
                0x0000000080000000                . = ALIGN (0x4)

.noinit         0x00000000200001f0        0x0
                0x00000000200001f0                . = ALIGN (0x4)
                0x00000000200001f0                _noinit = .
 *(SORT_BY_ALIGNMENT(.noinit*))
                0x00000000200001f0                . = ALIGN (0x4)
                0x00000000200001f0                _end_noinit = .
                0x0000000000001000                _HeapSize = 0x1000

.heap           0x00000000200001f0     0x1000
                0x00000000200001f0                _pvHeapStart = .
                0x00000000200011f0                . = (. + _HeapSize)
 *fill*         0x00000000200001f0     0x1000 
                0x00000000200011f0                . = ALIGN (0x4)
                0x00000000200011f0                _pvHeapLimit = .
                0x0000000000001000                _StackSize = 0x1000

.heap2stackfill
                0x00000000200011f0     0x1000
                0x00000000200021f0                . = (. + _StackSize)
 *fill*         0x00000000200011f0     0x1000 

.stack          0x000000002001f000        0x0
                0x000000002001f000                _vStackBase = .
                0x000000002001f000                . = ALIGN (0x4)
                0x0000000020020000                _vStackTop = (. + _StackSize)
                0x0000000060002000                _image_start = LOADADDR (.text)
                0x0000000060007e34                _image_end = (LOADADDR (.data) + SIZEOF (.data))
                0x0000000000005e34                _image_size = (_image_end - _image_start)
OUTPUT(MIMXRT1052xxxxB_Project.axf elf32-littlearm)

.debug_info     0x0000000000000000    0x15f0c
 .debug_info    0x0000000000000000      0xdd6 ./xip/evkbimxrt1050_flexspi_nor_config.o
 .debug_info    0x0000000000000dd6       0xd9 ./xip/evkbimxrt1050_sdram_ini_dcd.o
 .debug_info    0x0000000000000eaf      0xb81 ./xip/fsl_flexspi_nor_boot.o
 .debug_info    0x0000000000001a30      0xea0 ./utilities/fsl_debug_console.o
 .debug_info    0x00000000000028d0      0xd73 ./startup/startup_mimxrt1052.o
 .debug_info    0x0000000000003643      0x378 ./source/MIMXRT1052xxxxB_Project.o
 .debug_info    0x00000000000039bb       0x3c ./source/semihost_hardfault.o
 .debug_info    0x00000000000039f7     0x1df9 ./drivers/fsl_clock.o
 .debug_info    0x00000000000057f0     0x302f ./drivers/fsl_lpi2c.o
 .debug_info    0x000000000000881f     0x2c6c ./drivers/fsl_lpspi.o
 .debug_info    0x000000000000b48b     0x2461 ./drivers/fsl_lpuart.o
 .debug_info    0x000000000000d8ec      0xd2a ./device/system_MIMXRT1052.o
 .debug_info    0x000000000000e616      0xf9e ./component/uart/lpuart_adapter.o
 .debug_info    0x000000000000f5b4      0x766 ./component/serial_manager/serial_manager.o
 .debug_info    0x000000000000fd1a      0x503 ./component/serial_manager/serial_port_uart.o
 .debug_info    0x000000000001021d     0x123d ./board/board.o
 .debug_info    0x000000000001145a     0x17e8 ./board/clock_config.o
 .debug_info    0x0000000000012c42       0x3c ./board/peripherals.o
 .debug_info    0x0000000000012c7e      0x8ae ./board/pin_mux.o
 .debug_info    0x000000000001352c      0x563 ./amazon-freertos/FreeRTOS/portable/port.o
 .debug_info    0x0000000000013a8f      0x2f6 ./amazon-freertos/FreeRTOS/list.o
 .debug_info    0x0000000000013d85     0x2187 ./amazon-freertos/FreeRTOS/tasks.o

.debug_abbrev   0x0000000000000000     0x29c7
 .debug_abbrev  0x0000000000000000      0x18c ./xip/evkbimxrt1050_flexspi_nor_config.o
 .debug_abbrev  0x000000000000018c       0x9f ./xip/evkbimxrt1050_sdram_ini_dcd.o
 .debug_abbrev  0x000000000000022b      0x177 ./xip/fsl_flexspi_nor_boot.o
 .debug_abbrev  0x00000000000003a2      0x221 ./utilities/fsl_debug_console.o
 .debug_abbrev  0x00000000000005c3      0x147 ./startup/startup_mimxrt1052.o
 .debug_abbrev  0x000000000000070a      0x128 ./source/MIMXRT1052xxxxB_Project.o
 .debug_abbrev  0x0000000000000832       0x31 ./source/semihost_hardfault.o
 .debug_abbrev  0x0000000000000863      0x394 ./drivers/fsl_clock.o
 .debug_abbrev  0x0000000000000bf7      0x34a ./drivers/fsl_lpi2c.o
 .debug_abbrev  0x0000000000000f41      0x33b ./drivers/fsl_lpspi.o
 .debug_abbrev  0x000000000000127c      0x348 ./drivers/fsl_lpuart.o
 .debug_abbrev  0x00000000000015c4      0x19a ./device/system_MIMXRT1052.o
 .debug_abbrev  0x000000000000175e      0x1e1 ./component/uart/lpuart_adapter.o
 .debug_abbrev  0x000000000000193f      0x17d ./component/serial_manager/serial_manager.o
 .debug_abbrev  0x0000000000001abc      0x160 ./component/serial_manager/serial_port_uart.o
 .debug_abbrev  0x0000000000001c1c      0x2e3 ./board/board.o
 .debug_abbrev  0x0000000000001eff      0x218 ./board/clock_config.o
 .debug_abbrev  0x0000000000002117       0x31 ./board/peripherals.o
 .debug_abbrev  0x0000000000002148      0x1bc ./board/pin_mux.o
 .debug_abbrev  0x0000000000002304      0x27a ./amazon-freertos/FreeRTOS/portable/port.o
 .debug_abbrev  0x000000000000257e      0x12d ./amazon-freertos/FreeRTOS/list.o
 .debug_abbrev  0x00000000000026ab      0x31c ./amazon-freertos/FreeRTOS/tasks.o

.debug_aranges  0x0000000000000000     0x1210
 .debug_aranges
                0x0000000000000000       0x18 ./xip/evkbimxrt1050_flexspi_nor_config.o
 .debug_aranges
                0x0000000000000018       0x18 ./xip/evkbimxrt1050_sdram_ini_dcd.o
 .debug_aranges
                0x0000000000000030       0x18 ./xip/fsl_flexspi_nor_boot.o
 .debug_aranges
                0x0000000000000048       0x50 ./utilities/fsl_debug_console.o
 .debug_aranges
                0x0000000000000098      0x520 ./startup/startup_mimxrt1052.o
 .debug_aranges
                0x00000000000005b8       0x20 ./source/MIMXRT1052xxxxB_Project.o
 .debug_aranges
                0x00000000000005d8       0x20 ./source/semihost_hardfault.o
 .debug_aranges
                0x00000000000005f8      0x170 ./drivers/fsl_clock.o
 .debug_aranges
                0x0000000000000768      0x1e0 ./drivers/fsl_lpi2c.o
 .debug_aranges
                0x0000000000000948      0x1c8 ./drivers/fsl_lpspi.o
 .debug_aranges
                0x0000000000000b10      0x160 ./drivers/fsl_lpuart.o
 .debug_aranges
                0x0000000000000c70       0x40 ./device/system_MIMXRT1052.o
 .debug_aranges
                0x0000000000000cb0       0x40 ./component/uart/lpuart_adapter.o
 .debug_aranges
                0x0000000000000cf0       0x88 ./component/serial_manager/serial_manager.o
 .debug_aranges
                0x0000000000000d78       0x38 ./component/serial_manager/serial_port_uart.o
 .debug_aranges
                0x0000000000000db0       0x90 ./board/board.o
 .debug_aranges
                0x0000000000000e40       0x78 ./board/clock_config.o
 .debug_aranges
                0x0000000000000eb8       0x20 ./board/peripherals.o
 .debug_aranges
                0x0000000000000ed8       0x88 ./board/pin_mux.o
 .debug_aranges
                0x0000000000000f60       0x78 ./amazon-freertos/FreeRTOS/portable/port.o
 .debug_aranges
                0x0000000000000fd8       0x40 ./amazon-freertos/FreeRTOS/list.o
 .debug_aranges
                0x0000000000001018      0x1f8 ./amazon-freertos/FreeRTOS/tasks.o

.debug_macro    0x0000000000000000    0x2bcb9
 .debug_macro   0x0000000000000000      0x11d ./xip/evkbimxrt1050_flexspi_nor_config.o
 .debug_macro   0x000000000000011d      0xaea ./xip/evkbimxrt1050_flexspi_nor_config.o
 .debug_macro   0x0000000000000c07       0x10 ./xip/evkbimxrt1050_flexspi_nor_config.o
 .debug_macro   0x0000000000000c17      0x12e ./xip/evkbimxrt1050_flexspi_nor_config.o
 .debug_macro   0x0000000000000d45      0x5b3 ./xip/evkbimxrt1050_flexspi_nor_config.o
 .debug_macro   0x00000000000012f8       0x22 ./xip/evkbimxrt1050_flexspi_nor_config.o
 .debug_macro   0x000000000000131a       0x16 ./xip/evkbimxrt1050_flexspi_nor_config.o
 .debug_macro   0x0000000000001330       0x22 ./xip/evkbimxrt1050_flexspi_nor_config.o
 .debug_macro   0x0000000000001352       0x10 ./xip/evkbimxrt1050_flexspi_nor_config.o
 .debug_macro   0x0000000000001362       0x4d ./xip/evkbimxrt1050_flexspi_nor_config.o
 .debug_macro   0x00000000000013af       0x1c ./xip/evkbimxrt1050_flexspi_nor_config.o
 .debug_macro   0x00000000000013cb       0x22 ./xip/evkbimxrt1050_flexspi_nor_config.o
 .debug_macro   0x00000000000013ed       0xdf ./xip/evkbimxrt1050_flexspi_nor_config.o
 .debug_macro   0x00000000000014cc     0x1295 ./xip/evkbimxrt1050_flexspi_nor_config.o
 .debug_macro   0x0000000000002761       0xe2 ./xip/evkbimxrt1050_flexspi_nor_config.o
 .debug_macro   0x0000000000002843       0x19 ./xip/evkbimxrt1050_flexspi_nor_config.o
 .debug_macro   0x000000000000285c       0x22 ./xip/evkbimxrt1050_flexspi_nor_config.o
 .debug_macro   0x000000000000287e    0x23bc7 ./xip/evkbimxrt1050_flexspi_nor_config.o
 .debug_macro   0x0000000000026445      0x67a ./xip/evkbimxrt1050_flexspi_nor_config.o
 .debug_macro   0x0000000000026abf       0x52 ./xip/evkbimxrt1050_flexspi_nor_config.o
 .debug_macro   0x0000000000026b11      0x1a6 ./xip/evkbimxrt1050_flexspi_nor_config.o
 .debug_macro   0x0000000000026cb7       0x82 ./xip/evkbimxrt1050_flexspi_nor_config.o